Component: ARM Compiler 5.06 update 3 (build 300) Tool: armlink [4d35c9]

==============================================================================

Section Cross References

    startup_stm32f429_439xx.o(STACK) refers (Special) to heapauxi.o(.text) for __use_two_region_memory
    startup_stm32f429_439xx.o(HEAP) refers (Special) to heapauxi.o(.text) for __use_two_region_memory
    startup_stm32f429_439xx.o(RESET) refers (Special) to heapauxi.o(.text) for __use_two_region_memory
    startup_stm32f429_439xx.o(RESET) refers to startup_stm32f429_439xx.o(STACK) for __initial_sp
    startup_stm32f429_439xx.o(RESET) refers to startup_stm32f429_439xx.o(.text) for Reset_Handler
    startup_stm32f429_439xx.o(RESET) refers to stm32f4xx_it.o(.text) for NMI_Handler
    startup_stm32f429_439xx.o(RESET) refers to tm_stm32f4_dma.o(.text) for DMA1_Stream0_IRQHandler
    startup_stm32f429_439xx.o(RESET) refers to tm_stm32f4_emwin.o(.text) for LTDC_IRQHandler
    startup_stm32f429_439xx.o(.text) refers (Special) to heapauxi.o(.text) for __use_two_region_memory
    startup_stm32f429_439xx.o(.text) refers to system_stm32f4xx.o(.text) for SystemInit
    startup_stm32f429_439xx.o(.text) refers to __main.o(!!!main) for __main
    startup_stm32f429_439xx.o(.text) refers to startup_stm32f429_439xx.o(HEAP) for Heap_Mem
    startup_stm32f429_439xx.o(.text) refers to startup_stm32f429_439xx.o(STACK) for Stack_Mem
    stm32f4xx_rcc.o(.text) refers to stm32f4xx_rcc.o(.data) for .data
    stm32f4xx_gpio.o(.text) refers to stm32f4xx_rcc.o(.text) for RCC_AHB1PeriphResetCmd
    stm32f4xx_i2c.o(.text) refers to stm32f4xx_rcc.o(.text) for RCC_APB1PeriphResetCmd
    stm32f4xx_spi.o(.text) refers to stm32f4xx_rcc.o(.text) for RCC_APB1PeriphResetCmd
    stm32f4xx_adc.o(.text) refers to stm32f4xx_rcc.o(.text) for RCC_APB2PeriphResetCmd
    tm_stm32f4_emwin.o(.text) refers to stm32f4xx_rcc.o(.text) for RCC_AHB1PeriphClockCmd
    tm_stm32f4_emwin.o(.text) refers to tm_stm32f4_delay.o(.text) for TM_DELAY_Init
    tm_stm32f4_emwin.o(.text) refers to tm_stm32f4_ili9341_ltdc.o(.text) for TM_ILI9341_Init
    tm_stm32f4_emwin.o(.text) refers to tm_stm32f4_stmpe811.o(.text) for TM_STMPE811_Init
    tm_stm32f4_emwin.o(.text) refers to gui_core.o(i.GUI_Init) for GUI_Init
    tm_stm32f4_emwin.o(.text) refers to gui_exec.o(i.GUI_Exec) for GUI_Exec
    tm_stm32f4_emwin.o(.text) refers to gui_setorientation.o(i.GUI_SetOrientation) for GUI_SetOrientation
    tm_stm32f4_emwin.o(.text) refers to gui_touch.o(i.GUI_TOUCH_StoreStateEx) for GUI_TOUCH_StoreStateEx
    tm_stm32f4_emwin.o(.text) refers to guidrv_stm32f429i_discovery.o(.text) for LTDC_ISR_Handler
    tm_stm32f4_emwin.o(.text) refers to tm_stm32f4_emwin.o(.data) for .data
    tm_stm32f4_emwin.o(.text) refers to tm_stm32f4_emwin.o(.bss) for .bss
    tm_stm32f4_sdram.o(.text) refers to stm32f4xx_fmc.o(.text) for FMC_SDRAMInit
    tm_stm32f4_sdram.o(.text) refers to tm_stm32f4_gpio.o(.text) for TM_GPIO_InitAlternate
    tm_stm32f4_sdram.o(.text) refers to tm_stm32f4_sdram.o(.data) for .data
    stm32f4xx_dma2d.o(.text) refers to stm32f4xx_rcc.o(.text) for RCC_AHB1PeriphResetCmd
    stm32f4xx_fmc.o(.text) refers to stm32f4xx_fmc.o(.constdata) for .constdata
    stm32f4xx_ltdc.o(.text) refers to stm32f4xx_rcc.o(.text) for RCC_APB2PeriphResetCmd
    tm_stm32f4_delay.o(.text) refers to h1_alloc.o(.text) for malloc
    tm_stm32f4_delay.o(.text) refers to h1_free.o(.text) for free
    tm_stm32f4_delay.o(.text) refers to tm_stm32f4_delay.o(.data) for .data
    tm_stm32f4_delay.o(.text) refers to tm_stm32f4_delay.o(.bss) for .bss
    tm_stm32f4_delay.o(.text) refers to system_stm32f4xx.o(.data) for SystemCoreClock
    tm_stm32f4_fonts.o(.text) refers to strlen.o(.text) for strlen
    tm_stm32f4_fonts.o(.data) refers to tm_stm32f4_fonts.o(.constdata) for TM_Font7x10
    tm_stm32f4_fonts.o(.data) refers to tm_stm32f4_fonts.o(.constdata) for TM_Font11x18
    tm_stm32f4_fonts.o(.data) refers to tm_stm32f4_fonts.o(.constdata) for TM_Font16x26
    tm_stm32f4_stmpe811.o(.text) refers to tm_stm32f4_i2c.o(.text) for TM_I2C_Read
    tm_stm32f4_stmpe811.o(.text) refers to tm_stm32f4_delay.o(.text) for TM_DELAY_Init
    tm_stm32f4_stmpe811.o(.text) refers to tm_stm32f4_delay.o(.data) for TM_Time
    tm_stm32f4_spi.o(.text) refers to tm_stm32f4_gpio.o(.text) for TM_GPIO_InitAlternate
    tm_stm32f4_spi.o(.text) refers to stm32f4xx_spi.o(.text) for SPI_StructInit
    tm_stm32f4_spi.o(.text) refers to stm32f4xx_rcc.o(.text) for RCC_GetClocksFreq
    tm_stm32f4_i2c.o(.text) refers to tm_stm32f4_gpio.o(.text) for TM_GPIO_InitAlternate
    tm_stm32f4_i2c.o(.text) refers to stm32f4xx_i2c.o(.text) for I2C_Init
    tm_stm32f4_i2c.o(.text) refers to tm_stm32f4_i2c.o(.data) for .data
    tm_stm32f4_gpio.o(.text) refers to tm_stm32f4_gpio.o(.bss) for .bss
    tm_stm32f4_spi_dma.o(.text) refers to stm32f4xx_dma.o(.text) for DMA_DeInit
    tm_stm32f4_spi_dma.o(.text) refers to tm_stm32f4_dma.o(.text) for TM_DMA_ClearFlag
[...]
    0x0800fc9c   0x000000a0   Code   RO         2172    i._DrawBitLine8BPP  STemWin526_CM4_Keil.lib(gui_setorientationc0.o)
    0x0800fd3c   0x00000094   Code   RO         2197    i._DrawBitLine8BPP  STemWin526_CM4_Keil.lib(gui_setorientationc8.o)
    0x0800fdd0   0x0000009c   Code   RO         2222    i._DrawBitLine8BPP  STemWin526_CM4_Keil.lib(gui_setorientationc16.o)
    0x0800fe6c   0x0000009c   Code   RO         2247    i._DrawBitLine8BPP  STemWin526_CM4_Keil.lib(gui_setorientationc32.o)
    0x0800ff08   0x00000022   Code   RO         1563    i._DrawBitmap       STemWin526_CM4_Keil.lib(gui_setorientation.o)
    0x0800ff2a   0x00000002   PAD
    0x0800ff2c   0x00000188   Code   RO         1822    i._DrawBitmap       STemWin526_CM4_Keil.lib(guidrv_lin_16.o)
    0x080100b4   0x000002d8   Code   RO         2441    i._DrawBitmap       STemWin526_CM4_Keil.lib(guidev_16.o)
    0x0801038c   0x000002a4   Code   RO         3460    i._DrawBitmap       STemWin526_CM4_Keil.lib(guidev_32.o)
    0x08010630   0x0000015e   Code   RO         2173    i._DrawBitmap_C0    STemWin526_CM4_Keil.lib(gui_setorientationc0.o)
    0x0801078e   0x00000002   PAD
    0x08010790   0x00000218   Code   RO         2198    i._DrawBitmap_CX    STemWin526_CM4_Keil.lib(gui_setorientationc8.o)
    0x080109a8   0x0000021a   Code   RO         2223    i._DrawBitmap_CX    STemWin526_CM4_Keil.lib(gui_setorientationc16.o)
    0x08010bc2   0x00000002   PAD
    0x08010bc4   0x00000218   Code   RO         2248    i._DrawBitmap_CX    STemWin526_CM4_Keil.lib(gui_setorientationc32.o)
    0x08010ddc   0x00000146   Code   RO         1960    i._DrawBorder       STemWin526_CM4_Keil.lib(graph.o)
    0x08010f22   0x00000010   Code   RO         3104    i._DrawDown         STemWin526_CM4_Keil.lib(widget_effect_3d.o)
    0x08010f32   0x00000002   PAD
    0x08010f34   0x00000094   Code   RO         3105    i._DrawDownRect     STemWin526_CM4_Keil.lib(widget_effect_3d.o)
    0x08010fc8   0x000001f4   Code   RO         2073    i._DrawGraph        STemWin526_CM4_Keil.lib(gui_drawgraphex.o)
    0x080111bc   0x00000118   Code   RO         1961    i._DrawGrid         STemWin526_CM4_Keil.lib(graph.o)
    0x080112d4   0x0000000e   Code   RO         1564    i._DrawHLine        STemWin526_CM4_Keil.lib(gui_setorientation.o)
    0x080112e2   0x0000000a   Code   RO         1823    i._DrawHLine        STemWin526_CM4_Keil.lib(guidrv_lin_16.o)
    0x080112ec   0x0000000a   Code   RO         2442    i._DrawHLine        STemWin526_CM4_Keil.lib(guidev_16.o)
    0x080112f6   0x0000000a   Code   RO         3461    i._DrawHLine        STemWin526_CM4_Keil.lib(guidev_32.o)
    0x08011300   0x0000005e   Code   RO         2174    i._DrawHLine_C0     STemWin526_CM4_Keil.lib(gui_setorientationc0.o)
    0x0801135e   0x0000000c   Code   RO         2199    i._DrawHLine_CX     STemWin526_CM4_Keil.lib(gui_setorientationc8.o)
    0x0801136a   0x0000000c   Code   RO         2224    i._DrawHLine_CX     STemWin526_CM4_Keil.lib(gui_setorientationc16.o)
    0x08011376   0x0000000c   Code   RO         2249    i._DrawHLine_CX     STemWin526_CM4_Keil.lib(gui_setorientationc32.o)
    0x08011382   0x00000002   PAD
    0x08011384   0x00000014   Code   RO         2090    i._DrawLineEnd      STemWin526_CM4_Keil.lib(gui_drawline.o)
    0x08011398   0x0000005c   Code   RO         2634    i._DrawNext         STemWin526_CM4_Keil.lib(wm.o)
    0x080113f4   0x00000068   Code   RO         3106    i._DrawUpRect       STemWin526_CM4_Keil.lib(widget_effect_3d.o)
    0x0801145c   0x0000000e   Code   RO         1565    i._DrawVLine        STemWin526_CM4_Keil.lib(gui_setorientation.o)
    0x0801146a   0x0000000c   Code   RO         1824    i._DrawVLine        STemWin526_CM4_Keil.lib(guidrv_lin_16.o)
    0x08011476   0x00000002   PAD
    0x08011478   0x000000b8   Code   RO         2443    i._DrawVLine        STemWin526_CM4_Keil.lib(guidev_16.o)
    0x08011530   0x000000ac   Code   RO         3462    i._DrawVLine        STemWin526_CM4_Keil.lib(guidev_32.o)
    0x080115dc   0x0000005e   Code   RO         2175    i._DrawVLine_C0     STemWin526_CM4_Keil.lib(gui_setorientationc0.o)
    0x0801163a   0x0000000e   Code   RO         2200    i._DrawVLine_CX     STemWin526_CM4_Keil.lib(gui_setorientationc8.o)
    0x08011648   0x0000000e   Code   RO         2225    i._DrawVLine_CX     STemWin526_CM4_Keil.lib(gui_setorientationc16.o)
    0x08011656   0x0000000e   Code   RO         2250    i._DrawVLine_CX     STemWin526_CM4_Keil.lib(gui_setorientationc32.o)
    0x08011664   0x00000056   Code   RO         2566    i._EffectRequiresRedraw  STemWin526_CM4_Keil.lib(widget.o)
    0x080116ba   0x00000006   Code   RO         2275    i._Encode           STemWin526_CM4_Keil.lib(gui_uc_encodenone.o)
    0x080116c0   0x00000098   Code   RO         1406    i._EnlargeBlocks    STemWin526_CM4_Keil.lib(gui_alloc.o)
    0x08011758   0x00000070   Code   RO         2635    i._Exec1Input       STemWin526_CM4_Keil.lib(wm.o)
    0x080117c8   0x00000010   Code   RO         1566    i._FillRect         STemWin526_CM4_Keil.lib(gui_setorientation.o)
    0x080117d8   0x00000028   Code   RO         1825    i._FillRect         STemWin526_CM4_Keil.lib(guidrv_lin_16.o)
    0x08011800   0x000000ac   Code   RO         2444    i._FillRect         STemWin526_CM4_Keil.lib(guidev_16.o)
    0x080118ac   0x000000a4   Code   RO         3463    i._FillRect         STemWin526_CM4_Keil.lib(guidev_32.o)
    0x08011950   0x0000014c   Code   RO         1826    i._FillRectOpt16    STemWin526_CM4_Keil.lib(guidrv_lin_16.o)
    0x08011a9c   0x0000005a   Code   RO         2176    i._FillRect_C0      STemWin526_CM4_Keil.lib(gui_setorientationc0.o)
    0x08011af6   0x00000002   PAD
    0x08011af8   0x000000e8   Code   RO         2201    i._FillRect_CX      STemWin526_CM4_Keil.lib(gui_setorientationc8.o)
    0x08011be0   0x000000f0   Code   RO         2226    i._FillRect_CX      STemWin526_CM4_Keil.lib(gui_setorientationc16.o)
    0x08011cd0   0x000000e8   Code   RO         2251    i._FillRect_CX      STemWin526_CM4_Keil.lib(gui_setorientationc32.o)
    0x08011db8   0x00000148   Code   RO         2636    i._FindNext_IVR     STemWin526_CM4_Keil.lib(wm.o)
    0x08011f00   0x0000007c   Code   RO         2637    i._Findx0           STemWin526_CM4_Keil.lib(wm.o)
    0x08011f7c   0x00000072   Code   RO         2638    i._Findx1           STemWin526_CM4_Keil.lib(wm.o)
    0x08011fee   0x000000a6   Code   RO         2639    i._Findy1           STemWin526_CM4_Keil.lib(wm.o)
    0x08012094   0x00000074   Code   RO         3613    i._FlushBuffer      STemWin526_CM4_Keil.lib(gui_sprite.o)
    0x08012108   0x00000004   Code   RO         3516    i._GUI_USAGE_BM_Delete  STemWin526_CM4_Keil.lib(guidev_usagebm.o)
    0x0801210c   0x0000006c   Code   RO         3614    i._GetBkPixel       STemWin526_CM4_Keil.lib(gui_sprite.o)
    0x08012178   0x00000004   Code   RO         2276    i._GetCharCode      STemWin526_CM4_Keil.lib(gui_uc_encodenone.o)
    0x0801217c   0x00000004   Code   RO         2277    i._GetCharSize      STemWin526_CM4_Keil.lib(gui_uc_encodenone.o)
    0x08012180   0x00000044   Code   RO         2291    i._GetDecs          STemWin526_CM4_Keil.lib(gui_valf.o)
    0x080121c4   0x00000008   Code   RO         1567    i._GetDevData       STemWin526_CM4_Keil.lib(gui_setorientation.o)
    0x080121cc   0x00000010   Code   RO         1827    i._GetDevData       STemWin526_CM4_Keil.lib(guidrv_lin_16.o)
    0x080121dc   0x00000010   Code   RO         2445    i._GetDevData       STemWin526_CM4_Keil.lib(guidev_16.o)
    0x080121ec   0x00000010   Code   RO         3464    i._GetDevData       STemWin526_CM4_Keil.lib(guidev_32.o)
    0x080121fc   0x00000014   Code   RO         1568    i._GetDevFunc       STemWin526_CM4_Keil.lib(gui_setorientation.o)
    0x08012210   0x000000dc   Code   RO         1828    i._GetDevFunc       STemWin526_CM4_Keil.lib(guidrv_lin_16.o)
    0x080122ec   0x00000010   Code   RO         2446    i._GetDevFunc       STemWin526_CM4_Keil.lib(guidev_16.o)
    0x080122fc   0x00000010   Code   RO         3465    i._GetDevFunc       STemWin526_CM4_Keil.lib(guidev_32.o)
    0x0801230c   0x0000006e   Code   RO         1569    i._GetDevProp       STemWin526_CM4_Keil.lib(gui_setorientation.o)
    0x0801237a   0x0000001e   Code   RO         1726    i._GetDevProp       STemWin526_CM4_Keil.lib(lcd_getex.o)
    0x08012398   0x0000003c   Code   RO         1829    i._GetDevProp       STemWin526_CM4_Keil.lib(guidrv_lin_16.o)
    0x080123d4   0x00000008   Code   RO         2447    i._GetDevProp       STemWin526_CM4_Keil.lib(guidev_16.o)
    0x080123dc   0x0000000c   Code   RO         3466    i._GetDevProp       STemWin526_CM4_Keil.lib(guidev_32.o)
    0x080123e8   0x00000040   Code   RO         3620    i._GetDeviceRect    STemWin526_CM4_Keil.lib(gui_sprite.o)
    0x08012428   0x00000040   Code   RO         2721    i._GetDialogItem    STemWin526_CM4_Keil.lib(wm_getdialogitem.o)
    0x08012468   0x00000050   Code   RO         2738    i._GetDialogItem    STemWin526_CM4_Keil.lib(wm_getscrollbar.o)
    0x080124b8   0x00000052   Code   RO         2305    i._GetIndexMask_0   STemWin526_CM4_Keil.lib(guicc_0.o)
    0x0801250a   0x00000004   Code   RO         2048    i._GetIndexMask_16  STemWin526_CM4_Keil.lib(guicc_16.o)
    0x0801250e   0x00000004   Code   RO         1292    i._GetIndexMask_1616I  STemWin526_CM4_Keil.lib(guicc_1616i.o)
    0x08012512   0x00000004   Code   RO         1303    i._GetIndexMask_8666  STemWin526_CM4_Keil.lib(guicc_8666.o)
    0x08012516   0x00000006   Code   RO         1310    i._GetIndexMask_88666I  STemWin526_CM4_Keil.lib(guicc_88666i.o)
    0x0801251c   0x00000006   Code   RO         3449    i._GetIndexMask_8888  STemWin526_CM4_Keil.lib(guicc_8888.o)
    0x08012522   0x00000006   Code   RO         1322    i._GetIndexMask_M1555I  STemWin526_CM4_Keil.lib(guicc_m1555i.o)
    0x08012528   0x00000006   Code   RO         1336    i._GetIndexMask_M4444I  STemWin526_CM4_Keil.lib(guicc_m4444i.o)
    0x0801252e   0x00000006   Code   RO         1614    i._GetIndexMask_M565  STemWin526_CM4_Keil.lib(guicc_m565.o)
    0x08012534   0x00000006   Code   RO         1627    i._GetIndexMask_M888  STemWin526_CM4_Keil.lib(guicc_m888.o)
    0x0801253a   0x00000006   Code   RO         1350    i._GetIndexMask_M8888I  STemWin526_CM4_Keil.lib(guicc_m8888i.o)
    0x08012540   0x0000001e   Code   RO         1727    i._GetMaxValue      STemWin526_CM4_Keil.lib(lcd_getex.o)
    0x0801255e   0x00000002   PAD
    0x08012560   0x0000001c   Code   RO         1407    i._GetMinIndex      STemWin526_CM4_Keil.lib(gui_alloc.o)
    0x0801257c   0x0000001e   Code   RO         1962    i._GetParams        STemWin526_CM4_Keil.lib(graph.o)
    0x0801259a   0x00000008   Code   RO         1570    i._GetPixelIndex    STemWin526_CM4_Keil.lib(gui_setorientation.o)
    0x080125a2   0x00000010   Code   RO         1830    i._GetPixelIndex    STemWin526_CM4_Keil.lib(guidrv_lin_16.o)
    0x080125b2   0x0000000e   Code   RO         2448    i._GetPixelIndex    STemWin526_CM4_Keil.lib(guidev_16.o)
    0x080125c0   0x0000000e   Code   RO         3467    i._GetPixelIndex    STemWin526_CM4_Keil.lib(guidev_32.o)
    0x080125ce   0x0000001e   Code   RO         2177    i._GetPixelIndex_C0  STemWin526_CM4_Keil.lib(gui_setorientationc0.o)
    0x080125ec   0x00000028   Code   RO         2202    i._GetPixelIndex_CX  STemWin526_CM4_Keil.lib(gui_setorientationc8.o)
    0x08012614   0x00000028   Code   RO         2227    i._GetPixelIndex_CX  STemWin526_CM4_Keil.lib(gui_setorientationc16.o)
    0x0801263c   0x00000028   Code   RO         2252    i._GetPixelIndex_CX  STemWin526_CM4_Keil.lib(gui_setorientationc32.o)
    0x08012664   0x0000001c   Code   RO         1831    i._GetPos           STemWin526_CM4_Keil.lib(guidrv_lin_16.o)
    0x08012680   0x00000036   Code   RO         1571    i._GetRect          STemWin526_CM4_Keil.lib(gui_setorientation.o)
    0x080126b6   0x00000016   Code   RO         1832    i._GetRect          STemWin526_CM4_Keil.lib(guidrv_lin_16.o)
    0x080126cc   0x00000030   Code   RO         2449    i._GetRect          STemWin526_CM4_Keil.lib(guidev_16.o)
    0x080126fc   0x00000030   Code   RO         3468    i._GetRect          STemWin526_CM4_Keil.lib(guidev_32.o)
    0x0801272c   0x00000010   Code   RO         2116    i._GotoX            STemWin526_CM4_Keil.lib(gui_goto.o)
    0x0801273c   0x00000010   Code   RO         2117    i._GotoY            STemWin526_CM4_Keil.lib(gui_goto.o)
    0x0801274c   0x0000001c   Code   RO         2130    i._IncPointer       STemWin526_CM4_Keil.lib(gui_onkey.o)
    0x08012768   0x00000014   Code   RO         2149    i._IncPointer       STemWin526_CM4_Keil.lib(gui_pid.o)
    0x0801277c   0x00000006   Code   RO         2131    i._IncReadPointer   STemWin526_CM4_Keil.lib(gui_onkey.o)
    0x08012782   0x00000002   PAD
    0x08012784   0x00000058   Code   RO         1615    i._Index2ColorBulk  STemWin526_CM4_Keil.lib(guicc_m565.o)
    0x080127dc   0x00000034   Code   RO         1628    i._Index2ColorBulk  STemWin526_CM4_Keil.lib(guicc_m888.o)
    0x08012810   0x0000000e   Code   RO         3450    i._Index2ColorBulk  STemWin526_CM4_Keil.lib(guicc_8888.o)
    0x0801281e   0x00000002   PAD
    0x08012820   0x0000004c   Code   RO         1293    i._Index2ColorBulk_1616I  STemWin526_CM4_Keil.lib(guicc_1616i.o)
    0x0801286c   0x00000044   Code   RO         1311    i._Index2ColorBulk_88666I  STemWin526_CM4_Keil.lib(guicc_88666i.o)
    0x080128b0   0x0000005c   Code   RO         1323    i._Index2ColorBulk_M1555I  STemWin526_CM4_Keil.lib(guicc_m1555i.o)
    0x0801290c   0x0000005c   Code   RO         1337    i._Index2ColorBulk_M4444I  STemWin526_CM4_Keil.lib(guicc_m4444i.o)
    0x08012968   0x00000044   Code   RO         1351    i._Index2ColorBulk_M8888I  STemWin526_CM4_Keil.lib(guicc_m8888i.o)
    0x080129ac   0x00000020   Code   RO         2306    i._Index2Color_0    STemWin526_CM4_Keil.lib(guicc_0.o)
    0x080129cc   0x00000036   Code   RO         2049    i._Index2Color_16   STemWin526_CM4_Keil.lib(guicc_16.o)
    0x08012a02   0x00000002   PAD
    0x08012a04   0x00000028   Code   RO         1294    i._Index2Color_1616I  STemWin526_CM4_Keil.lib(guicc_1616i.o)
    0x08012a2c   0x00000020   Code   RO         1312    i._Index2Color_88666I  STemWin526_CM4_Keil.lib(guicc_88666i.o)
    0x08012a4c   0x00000030   Code   RO         1324    i._Index2Color_M1555I  STemWin526_CM4_Keil.lib(guicc_m1555i.o)
    0x08012a7c   0x00000030   Code   RO         1338    i._Index2Color_M4444I  STemWin526_CM4_Keil.lib(guicc_m4444i.o)
    0x08012aac   0x00000020   Code   RO         1352    i._Index2Color_M8888I  STemWin526_CM4_Keil.lib(guicc_m8888i.o)
    0x08012acc   0x00000018   Code   RO         1833    i._Init             STemWin526_CM4_Keil.lib(guidrv_lin_16.o)
    0x08012ae4   0x00000070   Code   RO         1460    i._InitContext      STemWin526_CM4_Keil.lib(gui_core.o)
    0x08012b54   0x000000a8   Code   RO         1408    i._InitOnce         STemWin526_CM4_Keil.lib(gui_alloc.o)
    0x08012bfc   0x00000024   Code   RO         1834    i._InitOnce         STemWin526_CM4_Keil.lib(guidrv_lin_16.o)
    0x08012c20   0x00000080   Code   RO         2640    i._Invalidate1Abs   STemWin526_CM4_Keil.lib(wm.o)
    0x08012ca0   0x00000068   Code   RO         2009    i._InvalidateNewItem  STemWin526_CM4_Keil.lib(graph_data_yt.o)
    0x08012d08   0x00000088   Code   RO         3410    i._Link             STemWin526_CM4_Keil.lib(gui_timer.o)
    0x08012d90   0x00000008   Code   RO         1572    i._Log2Phys_S       STemWin526_CM4_Keil.lib(gui_setorientation.o)
    0x08012d98   0x00000010   Code   RO         1573    i._Log2Phys_SX      STemWin526_CM4_Keil.lib(gui_setorientation.o)
    0x08012da8   0x00000016   Code   RO         1574    i._Log2Phys_SXY     STemWin526_CM4_Keil.lib(gui_setorientation.o)
    0x08012dbe   0x00000010   Code   RO         1575    i._Log2Phys_SY      STemWin526_CM4_Keil.lib(gui_setorientation.o)
    0x08012dce   0x00000010   Code   RO         1576    i._Log2Phys_X       STemWin526_CM4_Keil.lib(gui_setorientation.o)
    0x08012dde   0x00000016   Code   RO         1577    i._Log2Phys_XY      STemWin526_CM4_Keil.lib(gui_setorientation.o)
    0x08012df4   0x00000010   Code   RO         1578    i._Log2Phys_Y       STemWin526_CM4_Keil.lib(gui_setorientation.o)
    0x08012e04   0x00000002   Code   RO         3236    i._Log2VisBuffered  STemWin526_CM4_Keil.lib(gui_charline.o)
    0x08012e06   0x000000ce   Code   RO         1963    i._ManageScrollbars  STemWin526_CM4_Keil.lib(graph.o)
    0x08012ed4   0x00000008   Code   RO         3021    i._Min              STemWin526_CM4_Keil.lib(guidev_banding.o)
    0x08012edc   0x0000006e   Code   RO         3550    i._MoveDescendents  STemWin526_CM4_Keil.lib(wm_move.o)
    0x08012f4a   0x0000000a   Code   RO         1835    i._Off              STemWin526_CM4_Keil.lib(guidrv_lin_16.o)
    0x08012f54   0x0000000a   Code   RO         1836    i._On               STemWin526_CM4_Keil.lib(guidrv_lin_16.o)
    0x08012f5e   0x0000002c   Code   RO         1902    i._OnButtonPressed  STemWin526_CM4_Keil.lib(button.o)
    0x08012f8a   0x0000003a   Code   RO         1903    i._OnButtonReleased  STemWin526_CM4_Keil.lib(button.o)
    0x08012fc4   0x00000090   Code   RO         1964    i._OnDelete         STemWin526_CM4_Keil.lib(graph.o)
    0x08013054   0x00000026   Code   RO         2010    i._OnDelete         STemWin526_CM4_Keil.lib(graph_data_yt.o)
    0x0801307a   0x00000002   PAD
    0x0801307c   0x00000028   Code   RO         1370    i._OnExit           STemWin526_CM4_Keil.lib(gui__alpha.o)
    0x080130a4   0x00000034   Code   RO         1409    i._OnExit           STemWin526_CM4_Keil.lib(gui_alloc.o)
    0x080130d8   0x0000002c   Code   RO         1461    i._OnExit           STemWin526_CM4_Keil.lib(gui_core.o)
    0x08013104   0x00000014   Code   RO         1680    i._OnExit           STemWin526_CM4_Keil.lib(lcd_color.o)
    0x08013118   0x00000034   Code   RO         2641    i._OnExit           STemWin526_CM4_Keil.lib(wm.o)
    0x0801314c   0x00000010   Code   RO         3411    i._OnExit           STemWin526_CM4_Keil.lib(gui_timer.o)
    0x0801315c   0x000001aa   Code   RO         1965    i._OnPaint          STemWin526_CM4_Keil.lib(graph.o)
    0x08013306   0x000000d8   Code   RO         2011    i._OnPaint          STemWin526_CM4_Keil.lib(graph_data_yt.o)
    0x080133de   0x0000003c   Code   RO         2031    i._OnPaint          STemWin526_CM4_Keil.lib(graph_scale.o)
    0x0801341a   0x000000f0   Code   RO         2032    i._OnPaintHorz      STemWin526_CM4_Keil.lib(graph_scale.o)
    0x0801350a   0x000000dc   Code   RO         2033    i._OnPaintVert      STemWin526_CM4_Keil.lib(graph_scale.o)
    0x080135e6   0x00000038   Code   RO         1966    i._OnScrollValueChanged  STemWin526_CM4_Keil.lib(graph.o)
    0x0801361e   0x00000066   Code   RO         2519    i._OnTimer          STemWin526_CM4_Keil.lib(scrollbar.o)
    0x08013684   0x0000020e   Code   RO         2520    i._OnTouch          STemWin526_CM4_Keil.lib(scrollbar.o)
    0x08013892   0x00000040   Code   RO         1905    i._OnTouchDefault   STemWin526_CM4_Keil.lib(button.o)
    0x080138d2   0x0000014c   Code   RO         2476    i._Paint            STemWin526_CM4_Keil.lib(button_skinclassic.o)
    0x08013a1e   0x00000174   Code   RO         3093    i._Paint            STemWin526_CM4_Keil.lib(scrollbar_skinclassic.o)
    0x08013b92   0x00000002   PAD
    0x08013b94   0x00000024   Code   RO         2642    i._Paint1           STemWin526_CM4_Keil.lib(wm.o)
    0x08013bb8   0x0000008c   Code   RO         2643    i._Paint1Trans      STemWin526_CM4_Keil.lib(wm.o)
    0x08013c44   0x0000009a   Code   RO         2644    i._PaintTransChildren  STemWin526_CM4_Keil.lib(wm.o)
    0x08013cde   0x00000002   PAD
    0x08013ce0   0x00000040   Code   RO         1410    i._PopFreeBlock     STemWin526_CM4_Keil.lib(gui_alloc.o)
    0x08013d20   0x00000028   Code   RO         1411    i._PushFreeBlock    STemWin526_CM4_Keil.lib(gui_alloc.o)
    0x08013d48   0x00000030   Code   RO         1837    i._ReadRect         STemWin526_CM4_Keil.lib(guidrv_lin_16.o)
    0x08013d78   0x0000001c   Code   RO         3625    i._ReleaseBuffer    STemWin526_CM4_Keil.lib(gui_sprite.o)
    0x08013d94   0x00000034   Code   RO         1412    i._RemoveFreeBlock  STemWin526_CM4_Keil.lib(gui_alloc.o)
    0x08013dc8   0x0000005c   Code   RO         3412    i._RemoveFromLinList  STemWin526_CM4_Keil.lib(gui_timer.o)
    0x08013e24   0x000000a0   Code   RO         1413    i._RemoveHoles      STemWin526_CM4_Keil.lib(gui_alloc.o)
    0x08013ec4   0x00000048   Code   RO         2292    i._RoundHalfUp      STemWin526_CM4_Keil.lib(gui_valf.o)
    0x08013f0c   0x0000005a   Code   RO         3566    i._Screen2hWin      STemWin526_CM4_Keil.lib(wm_screen2win.o)
    0x08013f66   0x00000002   PAD
    0x08013f68   0x00000024   Code   RO         3567    i._Screen2hWinStop  STemWin526_CM4_Keil.lib(wm_screen2win.o)
    0x08013f8c   0x00000026   Code   RO         1838    i._SetAlpha         STemWin526_CM4_Keil.lib(guidrv_lin_16.o)
    0x08013fb2   0x00000010   Code   RO         1839    i._SetAlphaMode     STemWin526_CM4_Keil.lib(guidrv_lin_16.o)
    0x08013fc2   0x00000002   PAD
    0x08013fc4   0x00000020   Code   RO         1650    i._SetBkColor       STemWin526_CM4_Keil.lib(lcd.o)
    0x08013fe4   0x00000012   Code   RO         1840    i._SetChroma        STemWin526_CM4_Keil.lib(guidrv_lin_16.o)
    0x08013ff6   0x00000010   Code   RO         1841    i._SetChromaMode    STemWin526_CM4_Keil.lib(guidrv_lin_16.o)
    0x08014006   0x00000002   PAD
    0x08014008   0x0000004c   Code   RO         2645    i._SetClipRectUserIntersect  STemWin526_CM4_Keil.lib(wm.o)
    0x08014054   0x00000020   Code   RO         1651    i._SetColor         STemWin526_CM4_Keil.lib(lcd.o)
    0x08014074   0x00000044   Code   RO         1842    i._SetDevFunc       STemWin526_CM4_Keil.lib(guidrv_lin_16.o)
    0x080140b8   0x0000002c   Code   RO         1652    i._SetDrawMode      STemWin526_CM4_Keil.lib(lcd.o)
    0x080140e4   0x00000078   Code   RO         2091    i._SetLineColor     STemWin526_CM4_Keil.lib(gui_drawline.o)
    0x0801415c   0x00000008   Code   RO         1579    i._SetOrg           STemWin526_CM4_Keil.lib(gui_setorientation.o)
    0x08014164   0x000000a4   Code   RO         1843    i._SetOrg           STemWin526_CM4_Keil.lib(guidrv_lin_16.o)
    0x08014208   0x00000008   Code   RO         2450    i._SetOrg           STemWin526_CM4_Keil.lib(guidev_16.o)
    0x08014210   0x00000008   Code   RO         3469    i._SetOrg           STemWin526_CM4_Keil.lib(guidev_32.o)
    0x08014218   0x0000000e   Code   RO         1580    i._SetPixelIndex    STemWin526_CM4_Keil.lib(gui_setorientation.o)
    0x08014226   0x00000012   Code   RO         1844    i._SetPixelIndex    STemWin526_CM4_Keil.lib(guidrv_lin_16.o)
    0x08014238   0x00000048   Code   RO         2451    i._SetPixelIndex    STemWin526_CM4_Keil.lib(guidev_16.o)
    0x08014280   0x00000048   Code   RO         3470    i._SetPixelIndex    STemWin526_CM4_Keil.lib(guidev_32.o)
    0x080142c8   0x00000022   Code   RO         2178    i._SetPixelIndex_C0  STemWin526_CM4_Keil.lib(gui_setorientationc0.o)
    0x080142ea   0x0000003a   Code   RO         2203    i._SetPixelIndex_CX  STemWin526_CM4_Keil.lib(gui_setorientationc8.o)
    0x08014324   0x0000003a   Code   RO         2228    i._SetPixelIndex_CX  STemWin526_CM4_Keil.lib(gui_setorientationc16.o)
    0x0801435e   0x0000003a   Code   RO         2253    i._SetPixelIndex_CX  STemWin526_CM4_Keil.lib(gui_setorientationc32.o)
    0x08014398   0x0000002e   Code   RO         1845    i._SetPos           STemWin526_CM4_Keil.lib(guidrv_lin_16.o)
    0x080143c6   0x00000002   PAD
    0x080143c8   0x0000029c   Code   RO         3630    i._SetPosition      STemWin526_CM4_Keil.lib(gui_sprite.o)
    0x08014664   0x00000036   Code   RO         2748    i._SetScrollbar     STemWin526_CM4_Keil.lib(wm_setscrollbar.o)
    0x0801469a   0x00000044   Code   RO         1846    i._SetSize          STemWin526_CM4_Keil.lib(guidrv_lin_16.o)
    0x080146de   0x0000004a   Code   RO         3631    i._SetSpriteBkPixel  STemWin526_CM4_Keil.lib(gui_sprite.o)
    0x08014728   0x00000028   Code   RO         1847    i._SetVRAMAddr      STemWin526_CM4_Keil.lib(guidrv_lin_16.o)
    0x08014750   0x0000002a   Code   RO         1848    i._SetVSize         STemWin526_CM4_Keil.lib(guidrv_lin_16.o)
    0x0801477a   0x00000026   Code   RO         1849    i._SetVis           STemWin526_CM4_Keil.lib(guidrv_lin_16.o)
    0x080147a0   0x00000024   Code   RO         1850    i._ShowBuffer       STemWin526_CM4_Keil.lib(guidrv_lin_16.o)
    0x080147c4   0x0000000e   Code   RO         2179    i._Sort             STemWin526_CM4_Keil.lib(gui_setorientationc0.o)
    0x080147d2   0x0000000e   Code   RO         2204    i._Sort             STemWin526_CM4_Keil.lib(gui_setorientationc8.o)
    0x080147e0   0x0000000e   Code   RO         2229    i._Sort             STemWin526_CM4_Keil.lib(gui_setorientationc16.o)
    0x080147ee   0x0000000e   Code   RO         2254    i._Sort             STemWin526_CM4_Keil.lib(gui_setorientationc32.o)
    0x080147fc   0x00000058   Code   RO         2150    i._StoreState       STemWin526_CM4_Keil.lib(gui_pid.o)
    0x08014854   0x000000ea   Code   RO         1414    i._TestRAM          STemWin526_CM4_Keil.lib(gui_alloc.o)
    0x0801493e   0x00000002   PAD
    0x08014940   0x00000050   Code   RO         3413    i._Unlink           STemWin526_CM4_Keil.lib(gui_timer.o)
    0x08014990   0x00000030   Code   RO         1494    i._UnlinkDevice     STemWin526_CM4_Keil.lib(gui_device.o)
    0x080149c0   0x0000000e   Code   RO         1415    i._WriteTagData     STemWin526_CM4_Keil.lib(gui_alloc.o)
    0x080149ce   0x00000002   PAD
    0x080149d0   0x00000340   Code   RO         3054    i._WriteToActiveOpaque_8  STemWin526_CM4_Keil.lib(guidev_writetoactiveopaque.o)
    0x08014d10   0x00000354   Code   RO         3055    i._WriteToActiveOpaque_HT  STemWin526_CM4_Keil.lib(guidev_writetoactiveopaque.o)
    0x08015064   0x0000003c   Code   RO         2452    i._XY2PTR           STemWin526_CM4_Keil.lib(guidev_16.o)
    0x080150a0   0x0000003c   Code   RO         3471    i._XY2PTR           STemWin526_CM4_Keil.lib(guidev_32.o)
    0x080150dc   0x00000008   Code   RO         1581    i._XorPixel         STemWin526_CM4_Keil.lib(gui_setorientation.o)
    0x080150e4   0x00000028   Code   RO         1851    i._XorPixel         STemWin526_CM4_Keil.lib(guidrv_lin_16.o)
    0x0801510c   0x00000054   Code   RO         2453    i._XorPixel         STemWin526_CM4_Keil.lib(guidev_16.o)
    0x08015160   0x00000058   Code   RO         3472    i._XorPixel         STemWin526_CM4_Keil.lib(guidev_32.o)
    0x080151b8   0x0000001e   Code   RO         2180    i._XorPixel_C0      STemWin526_CM4_Keil.lib(gui_setorientationc0.o)
    0x080151d6   0x00000034   Code   RO         2205    i._XorPixel_CX      STemWin526_CM4_Keil.lib(gui_setorientationc8.o)
    0x0801520a   0x00000034   Code   RO         2230    i._XorPixel_CX      STemWin526_CM4_Keil.lib(gui_setorientationc16.o)
    0x0801523e   0x00000034   Code   RO         2255    i._XorPixel_CX      STemWin526_CM4_Keil.lib(gui_setorientationc32.o)
    0x08015272   0x00000030   Code   RO         4036    i.__ARM_fpclassify  m_wm.l(fpclassify.o)
    0x080152a2   0x00000006   PAD
    0x080152a8   0x00000118   Code   RO         3828    i.__hardfp_ceil     m_wm.l(ceil.o)
    0x080153c0   0x00000118   Code   RO         3834    i.__hardfp_floor    m_wm.l(floor.o)
    0x080154d8   0x000000c8   Code   RO         3840    i.__hardfp_sin      m_wm.l(sin.o)
    0x080155a0   0x00000438   Code   RO         3963    i.__ieee754_rem_pio2  m_wm.l(rred.o)
    0x080159d8   0x00000170   Code   RO         3946    i.__kernel_cos      m_wm.l(cos_i.o)
    0x08015b48   0x000000f8   Code   RO         4038    i.__kernel_poly     m_wm.l(poly.o)
    0x08015c40   0x00000130   Code   RO         3968    i.__kernel_sin      m_wm.l(sin_i.o)
    0x08015d70   0x00000014   Code   RO         3950    i.__mathlib_dbl_infnan  m_wm.l(dunder.o)
    0x08015d84   0x00000004   PAD
    0x08015d88   0x00000020   Code   RO         3952    i.__mathlib_dbl_invalid  m_wm.l(dunder.o)
    0x08015da8   0x00000020   Code   RO         3955    i.__mathlib_dbl_underflow  m_wm.l(dunder.o)
    0x08015dc8   0x00000084   Code   RO         2092    i._atan2            STemWin526_CM4_Keil.lib(gui_drawline.o)
    0x08015e4c   0x00000004   Code   RO         3129    i._cbInvalidateOne  STemWin526_CM4_Keil.lib(wm_bringtotop.o)
    0x08015e50   0x00000044   Code   RO         2646    i._cbPaintMemDev    STemWin526_CM4_Keil.lib(wm.o)
    0x08015e94   0x0000002c   Code   RO         3188    i._cbTimer          STemWin526_CM4_Keil.lib(wm_timer.o)
    0x08015ec0   0x00000050   Code   RO         2647    i.cbBackWin         STemWin526_CM4_Keil.lib(wm.o)
    0x08015f10   0x0000008a   Code   RO         1653    i.emWin_LCD_Init    STemWin526_CM4_Keil.lib(lcd.o)
    0x08015f9a   0x00000018   Code   RO         4032    i.fabs              m_wm.l(fabs.o)
    0x08015fb2   0x00000018   Code   RO         3933    x$fpl$basic         fz_wm.l(basic.o)
    0x08015fca   0x00000002   PAD
    0x08015fcc   0x00000062   Code   RO         3812    x$fpl$d2f           fz_wm.l(d2f.o)
    0x0801602e   0x00000002   PAD
    0x08016030   0x00000150   Code   RO         3814    x$fpl$dadd          fz_wm.l(daddsub_clz.o)
    0x08016180   0x00000018   Code   RO         4065    x$fpl$dcmpinf       fz_wm.l(dcmpi.o)
    0x08016198   0x000002b0   Code   RO         4017    x$fpl$ddiv          fz_wm.l(ddiv.o)
    0x08016448   0x0000005e   Code   RO         3820    x$fpl$dfix          fz_wm.l(dfix.o)
    0x080164a6   0x0000002e   Code   RO         4021    x$fpl$dflt          fz_wm.l(dflt_clz.o)
    0x080164d4   0x00000026   Code   RO         4020    x$fpl$dfltu         fz_wm.l(dflt_clz.o)
    0x080164fa   0x00000002   PAD
    0x080164fc   0x00000078   Code   RO         4026    x$fpl$dleqf         fz_wm.l(dleqf.o)
    0x08016574   0x00000154   Code   RO         3824    x$fpl$dmul          fz_wm.l(dmul.o)
    0x080166c8   0x0000009c   Code   RO         3935    x$fpl$dnaninf       fz_wm.l(dnaninf.o)
    0x08016764   0x0000000c   Code   RO         3937    x$fpl$dretinf       fz_wm.l(dretinf.o)
    0x08016770   0x0000006c   Code   RO         3939    x$fpl$drleqf        fz_wm.l(drleqf.o)
    0x080167dc   0x00000016   Code   RO         3815    x$fpl$drsb          fz_wm.l(daddsub_clz.o)
    0x080167f2   0x00000002   PAD
    0x080167f4   0x000001d4   Code   RO         3816    x$fpl$dsub          fz_wm.l(daddsub_clz.o)
    0x080169c8   0x00000056   Code   RO         3826    x$fpl$f2d           fz_wm.l(f2d.o)
    0x08016a1e   0x0000008c   Code   RO         3941    x$fpl$fnaninf       fz_wm.l(fnaninf.o)
    0x08016aaa   0x0000000a   Code   RO         4028    x$fpl$fpinit        fz_wm.l(fpinit.o)
    0x08016ab4   0x0000000a   Code   RO         3943    x$fpl$fretinf       fz_wm.l(fretinf.o)
    0x08016abe   0x00000000   Code   RO         3945    x$fpl$usenofp       fz_wm.l(usenofp.o)
    0x08016abe   0x00000002   PAD
    0x08016ac0   0x0000001c   Data   RO          440    .constdata          stm32f4xx_fmc.o
    0x08016adc   0x00000d5c   Data   RO          534    .constdata          tm_stm32f4_fonts.o
    0x08017838   0x00000014   Data   RO          712    .constdata          tm_stm32f4_dma.o
    0x0801784c   0x00000008   Data   RO          814    .constdata          guidrv_stm32f429i_discovery.o
    0x08017854   0x00000018   Data   RO         1295    .constdata          STemWin526_CM4_Keil.lib(guicc_1616i.o)
    0x0801786c   0x00000018   Data   RO         1304    .constdata          STemWin526_CM4_Keil.lib(guicc_8666.o)
    0x08017884   0x00000018   Data   RO         1313    .constdata          STemWin526_CM4_Keil.lib(guicc_88666i.o)
    0x0801789c   0x00000018   Data   RO         1325    .constdata          STemWin526_CM4_Keil.lib(guicc_m1555i.o)
    0x080178b4   0x00000018   Data   RO         1339    .constdata          STemWin526_CM4_Keil.lib(guicc_m4444i.o)
    0x080178cc   0x00000018   Data   RO         1353    .constdata          STemWin526_CM4_Keil.lib(guicc_m8888i.o)
    0x080178e4   0x00000008   Data   RO         1463    .constdata          STemWin526_CM4_Keil.lib(gui_core.o)
    0x080178ec   0x00000034   Data   RO         1582    .constdata          STemWin526_CM4_Keil.lib(gui_setorientation.o)
    0x08017920   0x00000018   Data   RO         1616    .constdata          STemWin526_CM4_Keil.lib(guicc_m565.o)
    0x08017938   0x00000018   Data   RO         1629    .constdata          STemWin526_CM4_Keil.lib(guicc_m888.o)
    0x08017950   0x0000000c   Data   RO         1654    .constdata          STemWin526_CM4_Keil.lib(lcd.o)
    0x0801795c   0x00000034   Data   RO         1852    .constdata          STemWin526_CM4_Keil.lib(guidrv_lin_16.o)
    0x08017990   0x00000018   Data   RO         2050    .constdata          STemWin526_CM4_Keil.lib(guicc_16.o)
    0x080179a8   0x00000010   Data   RO         2054    .constdata          STemWin526_CM4_Keil.lib(gui__divtbl_15_255.o)
    0x080179b8   0x00000020   Data   RO         2055    .constdata          STemWin526_CM4_Keil.lib(gui__divtbl_31_255.o)
    0x080179d8   0x00000040   Data   RO         2056    .constdata          STemWin526_CM4_Keil.lib(gui__divtbl_63_255.o)
    0x08017a18   0x00000100   Data   RO         2057    .constdata          STemWin526_CM4_Keil.lib(gui__divtbl_255_15.o)
    0x08017b18   0x00000100   Data   RO         2058    .constdata          STemWin526_CM4_Keil.lib(gui__divtbl_255_31.o)
    0x08017c18   0x00000100   Data   RO         2059    .constdata          STemWin526_CM4_Keil.lib(gui__divtbl_255_63.o)
    0x08017d18   0x00000044   Data   RO         2093    .constdata          STemWin526_CM4_Keil.lib(gui_drawline.o)
    0x08017d5c   0x00000020   Data   RO         2181    .constdata          STemWin526_CM4_Keil.lib(gui_setorientationc0.o)
    0x08017d7c   0x00000020   Data   RO         2206    .constdata          STemWin526_CM4_Keil.lib(gui_setorientationc8.o)
    0x08017d9c   0x00000020   Data   RO         2231    .constdata          STemWin526_CM4_Keil.lib(gui_setorientationc16.o)
    0x08017dbc   0x00000020   Data   RO         2256    .constdata          STemWin526_CM4_Keil.lib(gui_setorientationc32.o)
    0x08017ddc   0x00000010   Data   RO         2278    .constdata          STemWin526_CM4_Keil.lib(gui_uc_encodenone.o)
    0x08017dec   0x00000018   Data   RO         2307    .constdata          STemWin526_CM4_Keil.lib(guicc_0.o)
    0x08017e04   0x00000100   Data   RO         2321    .constdata          STemWin526_CM4_Keil.lib(lcd_mirror.o)
    0x08017f04   0x00000518   Data   RO         2332    .constdata          STemWin526_CM4_Keil.lib(f6x8.o)
    0x0801841c   0x000001c0   Data   RO         2333    .constdata          STemWin526_CM4_Keil.lib(f6x8.o)
    0x080185dc   0x00000008   Data   RO         2334    .constdata          STemWin526_CM4_Keil.lib(f6x8.o)
    0x080185e4   0x00000014   Data   RO         2335    .constdata          STemWin526_CM4_Keil.lib(f6x8.o)
    0x080185f8   0x00000024   Data   RO         2336    .constdata          STemWin526_CM4_Keil.lib(f6x8.o)
    0x0801861c   0x0000000d   Data   RO         2338    .constdata          STemWin526_CM4_Keil.lib(f13_1.o)
    0x08018629   0x0000000d   Data   RO         2339    .constdata          STemWin526_CM4_Keil.lib(f13_1.o)
    0x08018636   0x0000000d   Data   RO         2340    .constdata          STemWin526_CM4_Keil.lib(f13_1.o)
    0x08018643   0x0000000d   Data   RO         2341    .constdata          STemWin526_CM4_Keil.lib(f13_1.o)
    0x08018650   0x0000000d   Data   RO         2342    .constdata          STemWin526_CM4_Keil.lib(f13_1.o)
    0x0801865d   0x0000000d   Data   RO         2343    .constdata          STemWin526_CM4_Keil.lib(f13_1.o)
    0x0801866a   0x0000000d   Data   RO         2344    .constdata          STemWin526_CM4_Keil.lib(f13_1.o)
    0x08018677   0x0000000d   Data   RO         2345    .constdata          STemWin526_CM4_Keil.lib(f13_1.o)
    0x08018684   0x0000000d   Data   RO         2346    .constdata          STemWin526_CM4_Keil.lib(f13_1.o)
    0x08018691   0x0000001a   Data   RO         2347    .constdata          STemWin526_CM4_Keil.lib(f13_1.o)
    0x080186ab   0x0000000d   Data   RO         2348    .constdata          STemWin526_CM4_Keil.lib(f13_1.o)
    0x080186b8   0x0000000d   Data   RO         2349    .constdata          STemWin526_CM4_Keil.lib(f13_1.o)
    0x080186c5   0x0000000d   Data   RO         2350    .constdata          STemWin526_CM4_Keil.lib(f13_1.o)
    0x080186d2   0x0000000d   Data   RO         2351    .constdata          STemWin526_CM4_Keil.lib(f13_1.o)
    0x080186df   0x0000001a   Data   RO         2352    .constdata          STemWin526_CM4_Keil.lib(f13_1.o)
    0x080186f9   0x0000000d   Data   RO         2353    .constdata          STemWin526_CM4_Keil.lib(f13_1.o)
    0x08018706   0x0000000d   Data   RO         2354    .constdata          STemWin526_CM4_Keil.lib(f13_1.o)
    0x08018713   0x0000000d   Data   RO         2355    .constdata          STemWin526_CM4_Keil.lib(f13_1.o)
    0x08018720   0x0000000d   Data   RO         2356    .constdata          STemWin526_CM4_Keil.lib(f13_1.o)
    0x0801872d   0x0000000d   Data   RO         2357    .constdata          STemWin526_CM4_Keil.lib(f13_1.o)
    0x0801873a   0x0000000d   Data   RO         2358    .constdata          STemWin526_CM4_Keil.lib(f13_1.o)
    0x08018747   0x0000000d   Data   RO         2359    .constdata          STemWin526_CM4_Keil.lib(f13_1.o)
    0x08018754   0x0000000d   Data   RO         2360    .constdata          STemWin526_CM4_Keil.lib(f13_1.o)
    0x08018761   0x0000000d   Data   RO         2361    .constdata          STemWin526_CM4_Keil.lib(f13_1.o)
    0x0801876e   0x0000000d   Data   RO         2362    .constdata          STemWin526_CM4_Keil.lib(f13_1.o)
    0x0801877b   0x0000000d   Data   RO         2363    .constdata          STemWin526_CM4_Keil.lib(f13_1.o)
    0x08018788   0x0000000d   Data   RO         2364    .constdata          STemWin526_CM4_Keil.lib(f13_1.o)
    0x08018795   0x0000000d   Data   RO         2365    .constdata          STemWin526_CM4_Keil.lib(f13_1.o)
    0x080187a2   0x0000001a   Data   RO         2366    .constdata          STemWin526_CM4_Keil.lib(f13_1.o)
    0x080187bc   0x0000001a   Data   RO         2367    .constdata          STemWin526_CM4_Keil.lib(f13_1.o)
    0x080187d6   0x0000001a   Data   RO         2368    .constdata          STemWin526_CM4_Keil.lib(f13_1.o)
    0x080187f0   0x0000000d   Data   RO         2369    .constdata          STemWin526_CM4_Keil.lib(f13_1.o)
    0x080187fd   0x0000000d   Data   RO         2370    .constdata          STemWin526_CM4_Keil.lib(f13_1.o)
    0x0801880a   0x0000000d   Data   RO         2371    .constdata          STemWin526_CM4_Keil.lib(f13_1.o)
    0x08018817   0x0000000d   Data   RO         2372    .constdata          STemWin526_CM4_Keil.lib(f13_1.o)
    0x08018824   0x0000000d   Data   RO         2373    .constdata          STemWin526_CM4_Keil.lib(f13_1.o)
    0x08018831   0x0000000d   Data   RO         2374    .constdata          STemWin526_CM4_Keil.lib(f13_1.o)
    0x0801883e   0x0000000d   Data   RO         2375    .constdata          STemWin526_CM4_Keil.lib(f13_1.o)
    0x0801884b   0x0000001a   Data   RO         2376    .constdata          STemWin526_CM4_Keil.lib(f13_1.o)
    0x08018865   0x0000000d   Data   RO         2377    .constdata          STemWin526_CM4_Keil.lib(f13_1.o)
    0x08018872   0x0000000d   Data   RO         2378    .constdata          STemWin526_CM4_Keil.lib(f13_1.o)
    0x0801887f   0x0000000d   Data   RO         2379    .constdata          STemWin526_CM4_Keil.lib(f13_1.o)
    0x0801888c   0x0000000d   Data   RO         2380    .constdata          STemWin526_CM4_Keil.lib(f13_1.o)
    0x08018899   0x0000000d   Data   RO         2381    .constdata          STemWin526_CM4_Keil.lib(f13_1.o)
    0x080188a6   0x0000000d   Data   RO         2382    .constdata          STemWin526_CM4_Keil.lib(f13_1.o)
    0x080188b3   0x0000000d   Data   RO         2383    .constdata          STemWin526_CM4_Keil.lib(f13_1.o)
    0x080188c0   0x0000000d   Data   RO         2384    .constdata          STemWin526_CM4_Keil.lib(f13_1.o)
    0x080188cd   0x0000000d   Data   RO         2385    .constdata          STemWin526_CM4_Keil.lib(f13_1.o)
    0x080188da   0x0000000d   Data   RO         2386    .constdata          STemWin526_CM4_Keil.lib(f13_1.o)
    0x080188e7   0x0000000d   Data   RO         2387    .constdata          STemWin526_CM4_Keil.lib(f13_1.o)
    0x080188f4   0x0000000d   Data   RO         2388    .constdata          STemWin526_CM4_Keil.lib(f13_1.o)
    0x08018901   0x0000000d   Data   RO         2389    .constdata          STemWin526_CM4_Keil.lib(f13_1.o)
    0x0801890e   0x0000000d   Data   RO         2390    .constdata          STemWin526_CM4_Keil.lib(f13_1.o)
    0x0801891b   0x0000000d   Data   RO         2391    .constdata          STemWin526_CM4_Keil.lib(f13_1.o)
    0x08018928   0x0000000d   Data   RO         2392    .constdata          STemWin526_CM4_Keil.lib(f13_1.o)
    0x08018935   0x0000000d   Data   RO         2393    .constdata          STemWin526_CM4_Keil.lib(f13_1.o)
    0x08018942   0x0000000d   Data   RO         2394    .constdata          STemWin526_CM4_Keil.lib(f13_1.o)
    0x0801894f   0x0000000d   Data   RO         2395    .constdata          STemWin526_CM4_Keil.lib(f13_1.o)
    0x0801895c   0x0000000d   Data   RO         2396    .constdata          STemWin526_CM4_Keil.lib(f13_1.o)
    0x08018969   0x0000000d   Data   RO         2397    .constdata          STemWin526_CM4_Keil.lib(f13_1.o)
    0x08018976   0x0000000d   Data   RO         2398    .constdata          STemWin526_CM4_Keil.lib(f13_1.o)
    0x08018983   0x0000000d   Data   RO         2399    .constdata          STemWin526_CM4_Keil.lib(f13_1.o)
    0x08018990   0x0000000d   Data   RO         2400    .constdata          STemWin526_CM4_Keil.lib(f13_1.o)
    0x0801899d   0x0000000d   Data   RO         2401    .constdata          STemWin526_CM4_Keil.lib(f13_1.o)
    0x080189aa   0x0000000d   Data   RO         2402    .constdata          STemWin526_CM4_Keil.lib(f13_1.o)
    0x080189b7   0x0000000d   Data   RO         2403    .constdata          STemWin526_CM4_Keil.lib(f13_1.o)
    0x080189c4   0x0000000d   Data   RO         2404    .constdata          STemWin526_CM4_Keil.lib(f13_1.o)
    0x080189d1   0x0000000d   Data   RO         2405    .constdata          STemWin526_CM4_Keil.lib(f13_1.o)
    0x080189de   0x0000000d   Data   RO         2406    .constdata          STemWin526_CM4_Keil.lib(f13_1.o)
    0x080189eb   0x0000000d   Data   RO         2407    .constdata          STemWin526_CM4_Keil.lib(f13_1.o)
    0x080189f8   0x0000001a   Data   RO         2408    .constdata          STemWin526_CM4_Keil.lib(f13_1.o)
    0x08018a12   0x0000000d   Data   RO         2409    .constdata          STemWin526_CM4_Keil.lib(f13_1.o)
    0x08018a1f   0x0000000d   Data   RO         2410    .constdata          STemWin526_CM4_Keil.lib(f13_1.o)
    0x08018a2c   0x0000000d   Data   RO         2411    .constdata          STemWin526_CM4_Keil.lib(f13_1.o)
    0x08018a39   0x0000000d   Data   RO         2412    .constdata          STemWin526_CM4_Keil.lib(f13_1.o)
    0x08018a46   0x0000000d   Data   RO         2413    .constdata          STemWin526_CM4_Keil.lib(f13_1.o)
    0x08018a53   0x0000000d   Data   RO         2414    .constdata          STemWin526_CM4_Keil.lib(f13_1.o)
    0x08018a60   0x0000000d   Data   RO         2415    .constdata          STemWin526_CM4_Keil.lib(f13_1.o)
    0x08018a6d   0x0000000d   Data   RO         2416    .constdata          STemWin526_CM4_Keil.lib(f13_1.o)
    0x08018a7a   0x0000000d   Data   RO         2417    .constdata          STemWin526_CM4_Keil.lib(f13_1.o)
    0x08018a87   0x0000000d   Data   RO         2418    .constdata          STemWin526_CM4_Keil.lib(f13_1.o)
    0x08018a94   0x0000000d   Data   RO         2419    .constdata          STemWin526_CM4_Keil.lib(f13_1.o)
    0x08018aa1   0x0000000d   Data   RO         2420    .constdata          STemWin526_CM4_Keil.lib(f13_1.o)
    0x08018aae   0x0000000d   Data   RO         2421    .constdata          STemWin526_CM4_Keil.lib(f13_1.o)
    0x08018abb   0x0000000d   Data   RO         2422    .constdata          STemWin526_CM4_Keil.lib(f13_1.o)
    0x08018ac8   0x0000000d   Data   RO         2423    .constdata          STemWin526_CM4_Keil.lib(f13_1.o)
    0x08018ad5   0x0000000d   Data   RO         2424    .constdata          STemWin526_CM4_Keil.lib(f13_1.o)
    0x08018ae2   0x0000000d   Data   RO         2425    .constdata          STemWin526_CM4_Keil.lib(f13_1.o)
    0x08018aef   0x0000000d   Data   RO         2426    .constdata          STemWin526_CM4_Keil.lib(f13_1.o)
    0x08018afc   0x0000000d   Data   RO         2427    .constdata          STemWin526_CM4_Keil.lib(f13_1.o)
    0x08018b09   0x0000000d   Data   RO         2428    .constdata          STemWin526_CM4_Keil.lib(f13_1.o)
    0x08018b16   0x0000000d   Data   RO         2429    .constdata          STemWin526_CM4_Keil.lib(f13_1.o)
    0x08018b23   0x0000000d   Data   RO         2430    .constdata          STemWin526_CM4_Keil.lib(f13_1.o)
    0x08018b30   0x0000000d   Data   RO         2431    .constdata          STemWin526_CM4_Keil.lib(f13_1.o)
    0x08018b3d   0x0000000d   Data   RO         2432    .constdata          STemWin526_CM4_Keil.lib(f13_1.o)
    0x08018b4a   0x0000000d   Data   RO         2433    .constdata          STemWin526_CM4_Keil.lib(f13_1.o)
    0x08018b57   0x00000001   PAD
    0x08018b58   0x00000300   Data   RO         2434    .constdata          STemWin526_CM4_Keil.lib(f13_1.o)
    0x08018e58   0x0000000c   Data   RO         2435    .constdata          STemWin526_CM4_Keil.lib(f13_1.o)
    0x08018e64   0x00000024   Data   RO         2436    .constdata          STemWin526_CM4_Keil.lib(f13_1.o)
    0x08018e88   0x00000074   Data   RO         2454    .constdata          STemWin526_CM4_Keil.lib(guidev_16.o)
    0x08018efc   0x0000000c   Data   RO         2477    .constdata          STemWin526_CM4_Keil.lib(button_skinclassic.o)
    0x08018f08   0x00000028   Data   RO         2802    .constdata          STemWin526_CM4_Keil.lib(gui_adddecshift.o)
    0x08018f30   0x0000000d   Data   RO         2901    .constdata          STemWin526_CM4_Keil.lib(f13_ascii.o)
    0x08018f3d   0x0000000d   Data   RO         2902    .constdata          STemWin526_CM4_Keil.lib(f13_ascii.o)
    0x08018f4a   0x0000000d   Data   RO         2903    .constdata          STemWin526_CM4_Keil.lib(f13_ascii.o)
    0x08018f57   0x0000000d   Data   RO         2904    .constdata          STemWin526_CM4_Keil.lib(f13_ascii.o)
    0x08018f64   0x0000000d   Data   RO         2905    .constdata          STemWin526_CM4_Keil.lib(f13_ascii.o)
    0x08018f71   0x0000001a   Data   RO         2906    .constdata          STemWin526_CM4_Keil.lib(f13_ascii.o)
    0x08018f8b   0x0000000d   Data   RO         2907    .constdata          STemWin526_CM4_Keil.lib(f13_ascii.o)
    0x08018f98   0x0000000d   Data   RO         2908    .constdata          STemWin526_CM4_Keil.lib(f13_ascii.o)
    0x08018fa5   0x0000000d   Data   RO         2909    .constdata          STemWin526_CM4_Keil.lib(f13_ascii.o)
    0x08018fb2   0x0000000d   Data   RO         2910    .constdata          STemWin526_CM4_Keil.lib(f13_ascii.o)
    0x08018fbf   0x0000000d   Data   RO         2911    .constdata          STemWin526_CM4_Keil.lib(f13_ascii.o)
    0x08018fcc   0x0000000d   Data   RO         2912    .constdata          STemWin526_CM4_Keil.lib(f13_ascii.o)
    0x08018fd9   0x0000000d   Data   RO         2913    .constdata          STemWin526_CM4_Keil.lib(f13_ascii.o)
    0x08018fe6   0x0000000d   Data   RO         2914    .constdata          STemWin526_CM4_Keil.lib(f13_ascii.o)
    0x08018ff3   0x0000000d   Data   RO         2915    .constdata          STemWin526_CM4_Keil.lib(f13_ascii.o)
    0x08019000   0x0000000d   Data   RO         2916    .constdata          STemWin526_CM4_Keil.lib(f13_ascii.o)
    0x0801900d   0x0000000d   Data   RO         2917    .constdata          STemWin526_CM4_Keil.lib(f13_ascii.o)
    0x0801901a   0x0000000d   Data   RO         2918    .constdata          STemWin526_CM4_Keil.lib(f13_ascii.o)
    0x08019027   0x0000000d   Data   RO         2919    .constdata          STemWin526_CM4_Keil.lib(f13_ascii.o)
    0x08019034   0x0000000d   Data   RO         2920    .constdata          STemWin526_CM4_Keil.lib(f13_ascii.o)
    0x08019041   0x0000000d   Data   RO         2921    .constdata          STemWin526_CM4_Keil.lib(f13_ascii.o)
    0x0801904e   0x0000000d   Data   RO         2922    .constdata          STemWin526_CM4_Keil.lib(f13_ascii.o)
    0x0801905b   0x0000000d   Data   RO         2923    .constdata          STemWin526_CM4_Keil.lib(f13_ascii.o)
    0x08019068   0x0000000d   Data   RO         2924    .constdata          STemWin526_CM4_Keil.lib(f13_ascii.o)
    0x08019075   0x0000000d   Data   RO         2925    .constdata          STemWin526_CM4_Keil.lib(f13_ascii.o)
    0x08019082   0x0000000d   Data   RO         2926    .constdata          STemWin526_CM4_Keil.lib(f13_ascii.o)
    0x0801908f   0x0000000d   Data   RO         2927    .constdata          STemWin526_CM4_Keil.lib(f13_ascii.o)
    0x0801909c   0x0000000d   Data   RO         2928    .constdata          STemWin526_CM4_Keil.lib(f13_ascii.o)
    0x080190a9   0x0000000d   Data   RO         2929    .constdata          STemWin526_CM4_Keil.lib(f13_ascii.o)
    0x080190b6   0x0000000d   Data   RO         2930    .constdata          STemWin526_CM4_Keil.lib(f13_ascii.o)
    0x080190c3   0x0000000d   Data   RO         2931    .constdata          STemWin526_CM4_Keil.lib(f13_ascii.o)
    0x080190d0   0x0000000d   Data   RO         2932    .constdata          STemWin526_CM4_Keil.lib(f13_ascii.o)
    0x080190dd   0x0000001a   Data   RO         2933    .constdata          STemWin526_CM4_Keil.lib(f13_ascii.o)
    0x080190f7   0x0000000d   Data   RO         2934    .constdata          STemWin526_CM4_Keil.lib(f13_ascii.o)
    0x08019104   0x0000000d   Data   RO         2935    .constdata          STemWin526_CM4_Keil.lib(f13_ascii.o)
    0x08019111   0x0000000d   Data   RO         2936    .constdata          STemWin526_CM4_Keil.lib(f13_ascii.o)
    0x0801911e   0x0000000d   Data   RO         2937    .constdata          STemWin526_CM4_Keil.lib(f13_ascii.o)
    0x0801912b   0x0000000d   Data   RO         2938    .constdata          STemWin526_CM4_Keil.lib(f13_ascii.o)
    0x08019138   0x0000000d   Data   RO         2939    .constdata          STemWin526_CM4_Keil.lib(f13_ascii.o)
    0x08019145   0x0000000d   Data   RO         2940    .constdata          STemWin526_CM4_Keil.lib(f13_ascii.o)
    0x08019152   0x0000000d   Data   RO         2941    .constdata          STemWin526_CM4_Keil.lib(f13_ascii.o)
    0x0801915f   0x0000000d   Data   RO         2942    .constdata          STemWin526_CM4_Keil.lib(f13_ascii.o)
    0x0801916c   0x0000000d   Data   RO         2943    .constdata          STemWin526_CM4_Keil.lib(f13_ascii.o)
    0x08019179   0x0000000d   Data   RO         2944    .constdata          STemWin526_CM4_Keil.lib(f13_ascii.o)
    0x08019186   0x0000000d   Data   RO         2945    .constdata          STemWin526_CM4_Keil.lib(f13_ascii.o)
    0x08019193   0x0000000d   Data   RO         2946    .constdata          STemWin526_CM4_Keil.lib(f13_ascii.o)
    0x080191a0   0x0000000d   Data   RO         2947    .constdata          STemWin526_CM4_Keil.lib(f13_ascii.o)
    0x080191ad   0x0000000d   Data   RO         2948    .constdata          STemWin526_CM4_Keil.lib(f13_ascii.o)
    0x080191ba   0x0000000d   Data   RO         2949    .constdata          STemWin526_CM4_Keil.lib(f13_ascii.o)
    0x080191c7   0x0000000d   Data   RO         2950    .constdata          STemWin526_CM4_Keil.lib(f13_ascii.o)
    0x080191d4   0x0000000d   Data   RO         2951    .constdata          STemWin526_CM4_Keil.lib(f13_ascii.o)
    0x080191e1   0x0000000d   Data   RO         2952    .constdata          STemWin526_CM4_Keil.lib(f13_ascii.o)
    0x080191ee   0x0000000d   Data   RO         2953    .constdata          STemWin526_CM4_Keil.lib(f13_ascii.o)
    0x080191fb   0x0000000d   Data   RO         2954    .constdata          STemWin526_CM4_Keil.lib(f13_ascii.o)
    0x08019208   0x0000000d   Data   RO         2955    .constdata          STemWin526_CM4_Keil.lib(f13_ascii.o)
    0x08019215   0x0000001a   Data   RO         2956    .constdata          STemWin526_CM4_Keil.lib(f13_ascii.o)
    0x0801922f   0x0000000d   Data   RO         2957    .constdata          STemWin526_CM4_Keil.lib(f13_ascii.o)
    0x0801923c   0x0000000d   Data   RO         2958    .constdata          STemWin526_CM4_Keil.lib(f13_ascii.o)
    0x08019249   0x0000000d   Data   RO         2959    .constdata          STemWin526_CM4_Keil.lib(f13_ascii.o)
    0x08019256   0x0000000d   Data   RO         2960    .constdata          STemWin526_CM4_Keil.lib(f13_ascii.o)
    0x08019263   0x0000000d   Data   RO         2961    .constdata          STemWin526_CM4_Keil.lib(f13_ascii.o)
    0x08019270   0x0000000d   Data   RO         2962    .constdata          STemWin526_CM4_Keil.lib(f13_ascii.o)
    0x0801927d   0x0000000d   Data   RO         2963    .constdata          STemWin526_CM4_Keil.lib(f13_ascii.o)
    0x0801928a   0x0000000d   Data   RO         2964    .constdata          STemWin526_CM4_Keil.lib(f13_ascii.o)
    0x08019297   0x0000000d   Data   RO         2965    .constdata          STemWin526_CM4_Keil.lib(f13_ascii.o)
    0x080192a4   0x0000000d   Data   RO         2966    .constdata          STemWin526_CM4_Keil.lib(f13_ascii.o)
    0x080192b1   0x0000000d   Data   RO         2967    .constdata          STemWin526_CM4_Keil.lib(f13_ascii.o)
    0x080192be   0x0000000d   Data   RO         2968    .constdata          STemWin526_CM4_Keil.lib(f13_ascii.o)
    0x080192cb   0x0000000d   Data   RO         2969    .constdata          STemWin526_CM4_Keil.lib(f13_ascii.o)
    0x080192d8   0x0000000d   Data   RO         2970    .constdata          STemWin526_CM4_Keil.lib(f13_ascii.o)
    0x080192e5   0x0000000d   Data   RO         2971    .constdata          STemWin526_CM4_Keil.lib(f13_ascii.o)
    0x080192f2   0x0000000d   Data   RO         2972    .constdata          STemWin526_CM4_Keil.lib(f13_ascii.o)
    0x080192ff   0x0000000d   Data   RO         2973    .constdata          STemWin526_CM4_Keil.lib(f13_ascii.o)
    0x0801930c   0x0000000d   Data   RO         2974    .constdata          STemWin526_CM4_Keil.lib(f13_ascii.o)
    0x08019319   0x0000000d   Data   RO         2975    .constdata          STemWin526_CM4_Keil.lib(f13_ascii.o)
    0x08019326   0x0000000d   Data   RO         2976    .constdata          STemWin526_CM4_Keil.lib(f13_ascii.o)
    0x08019333   0x0000000d   Data   RO         2977    .constdata          STemWin526_CM4_Keil.lib(f13_ascii.o)
    0x08019340   0x0000000d   Data   RO         2978    .constdata          STemWin526_CM4_Keil.lib(f13_ascii.o)
    0x0801934d   0x0000000d   Data   RO         2979    .constdata          STemWin526_CM4_Keil.lib(f13_ascii.o)
    0x0801935a   0x0000000d   Data   RO         2980    .constdata          STemWin526_CM4_Keil.lib(f13_ascii.o)
    0x08019367   0x0000000d   Data   RO         2981    .constdata          STemWin526_CM4_Keil.lib(f13_ascii.o)
    0x08019374   0x0000000d   Data   RO         2982    .constdata          STemWin526_CM4_Keil.lib(f13_ascii.o)
    0x08019381   0x0000000d   Data   RO         2983    .constdata          STemWin526_CM4_Keil.lib(f13_ascii.o)
    0x0801938e   0x0000000d   Data   RO         2984    .constdata          STemWin526_CM4_Keil.lib(f13_ascii.o)
    0x0801939b   0x0000000d   Data   RO         2985    .constdata          STemWin526_CM4_Keil.lib(f13_ascii.o)
    0x080193a8   0x0000000d   Data   RO         2986    .constdata          STemWin526_CM4_Keil.lib(f13_ascii.o)
    0x080193b5   0x0000000d   Data   RO         2987    .constdata          STemWin526_CM4_Keil.lib(f13_ascii.o)
    0x080193c2   0x0000000d   Data   RO         2988    .constdata          STemWin526_CM4_Keil.lib(f13_ascii.o)
    0x080193cf   0x0000000d   Data   RO         2989    .constdata          STemWin526_CM4_Keil.lib(f13_ascii.o)
    0x080193dc   0x0000000d   Data   RO         2990    .constdata          STemWin526_CM4_Keil.lib(f13_ascii.o)
    0x080193e9   0x0000000d   Data   RO         2991    .constdata          STemWin526_CM4_Keil.lib(f13_ascii.o)
    0x080193f6   0x0000000d   Data   RO         2992    .constdata          STemWin526_CM4_Keil.lib(f13_ascii.o)
    0x08019403   0x0000000d   Data   RO         2993    .constdata          STemWin526_CM4_Keil.lib(f13_ascii.o)
    0x08019410   0x0000000d   Data   RO         2994    .constdata          STemWin526_CM4_Keil.lib(f13_ascii.o)
    0x0801941d   0x0000000d   Data   RO         2995    .constdata          STemWin526_CM4_Keil.lib(f13_ascii.o)
    0x0801942a   0x00000002   PAD
    0x0801942c   0x000002f8   Data   RO         2996    .constdata          STemWin526_CM4_Keil.lib(f13_ascii.o)
    0x08019724   0x0000000c   Data   RO         2997    .constdata          STemWin526_CM4_Keil.lib(f13_ascii.o)
    0x08019730   0x00000008   Data   RO         3056    .constdata          STemWin526_CM4_Keil.lib(guidev_writetoactiveopaque.o)
    0x08019738   0x0000000c   Data   RO         3094    .constdata          STemWin526_CM4_Keil.lib(scrollbar_skinclassic.o)
    0x08019744   0x0000001c   Data   RO         3107    .constdata          STemWin526_CM4_Keil.lib(widget_effect_3d.o)
    0x08019760   0x00000018   Data   RO         3451    .constdata          STemWin526_CM4_Keil.lib(guicc_8888.o)
    0x08019778   0x00000074   Data   RO         3473    .constdata          STemWin526_CM4_Keil.lib(guidev_32.o)
    0x080197ec   0x00000018   Data   RO         3517    .constdata          STemWin526_CM4_Keil.lib(guidev_usagebm.o)
    0x08019804   0x00000004   PAD
    0x08019808   0x00000030   Data   RO         3947    .constdata          m_wm.l(cos_i.o)
    0x08019838   0x000000c8   Data   RO         3965    .constdata          m_wm.l(rred.o)
    0x08019900   0x00000028   Data   RO         3969    .constdata          m_wm.l(sin_i.o)
    0x08019928   0x00000020   Data   RO         4125    Region$$Table       anon$$obj.o


    Execution Region RW_IRAM1 (Base: 0x20000000, Size: 0x000039e8, Max: 0x00030000, ABSOLUTE, COMPRESSED[0x000000c0])

    Base Addr    Size         Type   Attr      Idx    E Section Name        Object

    0x20000000   0x00000010   Data   RW          152    .data               stm32f4xx_rcc.o
    0x20000010   0x00000010   Data   RW          275    .data               tm_stm32f4_emwin.o
    0x20000020   0x00000001   Data   RW          367    .data               tm_stm32f4_sdram.o
    0x20000021   0x00000003   PAD
    0x20000024   0x00000010   Data   RW          493    .data               tm_stm32f4_delay.o
    0x20000034   0x00000008   Data   RW          537    .data               tm_stm32f4_fonts.o
    0x2000003c   0x00000010   Data   RW          625    .data               tm_stm32f4_i2c.o
    0x2000004c   0x00000040   Data   RW          815    .data               guidrv_stm32f429i_discovery.o
    0x2000008c   0x00000004   Data   RW          934    .data               tm_stm32f4_ili9341_ltdc.o
    0x20000090   0x00000014   Data   RW         1143    .data               system_stm32f4xx.o
    0x200000a4   0x00000034   Data   RW         1173    .data               lcd.o
    0x200000d8   0x00000008   Data   RW         1326    .data               STemWin526_CM4_Keil.lib(guicc_m1555i.o)
    0x200000e0   0x00000008   Data   RW         1340    .data               STemWin526_CM4_Keil.lib(guicc_m4444i.o)
    0x200000e8   0x00000008   Data   RW         1354    .data               STemWin526_CM4_Keil.lib(guicc_m8888i.o)
    0x200000f0   0x00000028   Data   RW         1371    .data               STemWin526_CM4_Keil.lib(gui__alpha.o)
    0x20000118   0x00000008   Data   RW         1417    .data               STemWin526_CM4_Keil.lib(gui_alloc.o)
    0x20000120   0x0000002c   Data   RW         1464    .data               STemWin526_CM4_Keil.lib(gui_core.o)
    0x2000014c   0x00000004   Data   RW         1465    .data               STemWin526_CM4_Keil.lib(gui_core.o)
    0x20000150   0x00000004   Data   RW         1466    .data               STemWin526_CM4_Keil.lib(gui_core.o)
    0x20000154   0x00000004   Data   RW         1467    .data               STemWin526_CM4_Keil.lib(gui_core.o)
    0x20000158   0x00000004   Data   RW         1468    .data               STemWin526_CM4_Keil.lib(gui_core.o)
    0x2000015c   0x00000004   Data   RW         1469    .data               STemWin526_CM4_Keil.lib(gui_core.o)
    0x20000160   0x00000002   Data   RW         1470    .data               STemWin526_CM4_Keil.lib(gui_core.o)
    0x20000162   0x00000002   PAD
    0x20000164   0x00000004   Data   RW         1471    .data               STemWin526_CM4_Keil.lib(gui_core.o)
    0x20000168   0x00000002   Data   RW         1472    .data               STemWin526_CM4_Keil.lib(gui_core.o)
    0x2000016a   0x00000002   Data   RW         1473    .data               STemWin526_CM4_Keil.lib(gui_core.o)
    0x2000016c   0x00000024   Data   RW         1525    .data               STemWin526_CM4_Keil.lib(gui_multibuf.o)
    0x20000190   0x00000008   Data   RW         1546    .data               STemWin526_CM4_Keil.lib(gui_selectlayer.o)
    0x20000198   0x00000008   Data   RW         1617    .data               STemWin526_CM4_Keil.lib(guicc_m565.o)
    0x200001a0   0x00000008   Data   RW         1630    .data               STemWin526_CM4_Keil.lib(guicc_m888.o)
    0x200001a8   0x00000004   Data   RW         1655    .data               STemWin526_CM4_Keil.lib(lcd.o)
    0x200001ac   0x00000010   Data   RW         1681    .data               STemWin526_CM4_Keil.lib(lcd_color.o)
    0x200001bc   0x0000003c   Data   RW         1907    .data               STemWin526_CM4_Keil.lib(button.o)
    0x200001f8   0x00000030   Data   RW         1967    .data               STemWin526_CM4_Keil.lib(graph.o)
    0x20000228   0x00000008   Data   RW         2034    .data               STemWin526_CM4_Keil.lib(graph_scale.o)
    0x20000230   0x0000000c   Data   RW         2133    .data               STemWin526_CM4_Keil.lib(gui_onkey.o)
    0x2000023c   0x00000008   Data   RW         2152    .data               STemWin526_CM4_Keil.lib(gui_pid.o)
    0x20000244   0x00000004   Data   RW         2455    .data               STemWin526_CM4_Keil.lib(guidev_16.o)
    0x20000248   0x00000018   Data   RW         2521    .data               STemWin526_CM4_Keil.lib(scrollbar.o)
    0x20000260   0x00000002   Data   RW         2522    .data               STemWin526_CM4_Keil.lib(scrollbar.o)
    0x20000262   0x00000002   PAD
    0x20000264   0x00000004   Data   RW         2567    .data               STemWin526_CM4_Keil.lib(widget.o)
    0x20000268   0x00000060   Data   RW         2649    .data               STemWin526_CM4_Keil.lib(wm.o)
    0x200002c8   0x00000001   Data   RW         2650    .data               STemWin526_CM4_Keil.lib(wm.o)
    0x200002c9   0x00000003   PAD
    0x200002cc   0x00000014   Data   RW         2778    .data               STemWin526_CM4_Keil.lib(gui__managecache.o)
    0x200002e0   0x00000004   Data   RW         2844    .data               STemWin526_CM4_Keil.lib(gui_fillpolygon.o)
    0x200002e4   0x0000000c   Data   RW         2888    .data               STemWin526_CM4_Keil.lib(gui_waitevent.o)
    0x200002f0   0x00000004   Data   RW         3022    .data               STemWin526_CM4_Keil.lib(guidev_banding.o)
    0x200002f4   0x00000001   Data   RW         3035    .data               STemWin526_CM4_Keil.lib(guidev_staticdevices.o)
    0x200002f5   0x00000003   PAD
    0x200002f8   0x00000014   Data   RW         3108    .data               STemWin526_CM4_Keil.lib(widget_effect_3d.o)
    0x2000030c   0x00000004   Data   RW         3121    .data               STemWin526_CM4_Keil.lib(wm__sendmessage.o)
    0x20000310   0x0000000c   Data   RW         3203    .data               STemWin526_CM4_Keil.lib(wm_touch.o)
    0x2000031c   0x00000004   Data   RW         3237    .data               STemWin526_CM4_Keil.lib(gui_charline.o)
    0x20000320   0x00000020   Data   RW         3356    .data               STemWin526_CM4_Keil.lib(gui_setalpha.o)
    0x20000340   0x00000014   Data   RW         3414    .data               STemWin526_CM4_Keil.lib(gui_timer.o)
    0x20000354   0x00000004   Data   RW         3688    .data               STemWin526_CM4_Keil.lib(lcd_aa.o)
    0x20000358   0x0000000c   Zero   RW          274    .bss                tm_stm32f4_emwin.o
    0x20000364   0x00000018   Zero   RW          491    .bss                tm_stm32f4_delay.o
    0x2000037c   0x00000016   Zero   RW          652    .bss                tm_stm32f4_gpio.o
    0x20000392   0x00000002   PAD
    0x20000394   0x00002d00   Zero   RW          813    .bss                guidrv_stm32f429i_discovery.o
    0x20003094   0x00000044   Zero   RW          873    .bss                tm_stm32f4_dma2d_graphic.o
    0x200030d8   0x00000010   Zero   RW          933    .bss                tm_stm32f4_ili9341_ltdc.o
    0x200030e8   0x000000c8   Zero   RW         1416    .bss                STemWin526_CM4_Keil.lib(gui_alloc.o)
    0x200031b0   0x00000070   Zero   RW         1462    .bss                STemWin526_CM4_Keil.lib(gui_core.o)
    0x20003220   0x0000000c   Zero   RW         1607    .bss                STemWin526_CM4_Keil.lib(gui_touch.o)
    0x2000322c   0x00000058   Zero   RW         2132    .bss                STemWin526_CM4_Keil.lib(gui_onkey.o)
    0x20003284   0x00000048   Zero   RW         2151    .bss                STemWin526_CM4_Keil.lib(gui_pid.o)
    0x200032cc   0x00000018   Zero   RW         2648    .bss                STemWin526_CM4_Keil.lib(wm.o)
    0x200032e4   0x00000018   Zero   RW         2843    .bss                STemWin526_CM4_Keil.lib(gui_fillpolygon.o)
    0x200032fc   0x00000048   Zero   RW         3202    .bss                STemWin526_CM4_Keil.lib(wm_touch.o)
    0x20003344   0x00000028   Zero   RW         3278    .bss                STemWin526_CM4_Keil.lib(gui_curs1.o)
    0x2000336c   0x00000018   Zero   RW         3558    .bss                STemWin526_CM4_Keil.lib(wm_pid__getprevstate.o)
    0x20003384   0x00000060   Zero   RW         3977    .bss                c_w.l(libspace.o)
    0x200033e4   0x00000004   PAD
    0x200033e8   0x00000200   Zero   RW            2    HEAP                startup_stm32f429_439xx.o
    0x200035e8   0x00000400   Zero   RW            1    STACK               startup_stm32f429_439xx.o



  Load Region LR$$.ARM.__AT_0xD0080000 (Base: 0xd0080000, Size: 0x00000000, Max: 0x00080000, ABSOLUTE)

    Execution Region ER$$.ARM.__AT_0xD0080000 (Base: 0xd0080000, Size: 0x00080000, Max: 0x00080000, ABSOLUTE, UNINIT)

    Base Addr    Size         Type   Attr      Idx    E Section Name        Object

    0xd0080000   0x00080000   Zero   RW          770    .ARM.__AT_0xD0080000  guiconf.o



  Load Region LR$$.ARM.__AT_0xD0100000 (Base: 0xd0100000, Size: 0x00000000, Max: 0x00400000, ABSOLUTE)

    Execution Region ER$$.ARM.__AT_0xD0100000 (Base: 0xd0100000, Size: 0x00400000, Max: 0x00400000, ABSOLUTE, UNINIT)

    Base Addr    Size         Type   Attr      Idx    E Section Name        Object

    0xd0100000   0x00400000   Zero   RW          771    .ARM.__AT_0xD0100000  guiconf.o


==============================================================================

Image component sizes


      Code (inc. data)   RO Data    RW Data    ZI Data      Debug   Object Name

        72          8          0          0    4718592      48925   guiconf.o
      3056        228          8         64      11520      44286   guidrv_stm32f429i_discovery.o
       820        116          0         52          0       4846   lcd.o
        72          8          0          0          0        527   main.o
       176         12          0          0          0     324589   misc.o
        64         26        428          0       1536       1052   startup_stm32f429_439xx.o
       852         20          0          0          0      11290   stm32f4xx_adc.o
       692         12          0          0          0       5491   stm32f4xx_dma2d.o
      1888         34         28          0          0       9030   stm32f4xx_fmc.o
       864         20          0          0          0       9539   stm32f4xx_i2c.o
        26          0          0          0          0       1468   stm32f4xx_it.o
      1132         18          0          0          0       8540   stm32f4xx_ltdc.o
      1156         48          0         16          0      13872   stm32f4xx_rcc.o
       812         36          0          0          0       7745   stm32f4xx_spi.o
       408         36          0         20          0       2051   system_stm32f4xx.o
       828         32          0          0          0       7409   tm_stm32f4_adc.o
       384         20          0         16         24      33426   tm_stm32f4_delay.o
       500         16         20          0          0      32337   tm_stm32f4_dma.o
      3596         28          0          0         68      15421   tm_stm32f4_dma2d_graphic.o
       312          8          0         16         12      59814   tm_stm32f4_emwin.o
         0          0       3420          8          0       1517   tm_stm32f4_fonts.o
       668         14          0          0         22       5530   tm_stm32f4_gpio.o
      1126         44          0         16          0       7212   tm_stm32f4_i2c.o
      3894         80          0          4         16      17223   tm_stm32f4_ili9341_ltdc.o
       528         36          0          1          0       1804   tm_stm32f4_sdram.o
      1600         78          0          0          0       7189   tm_stm32f4_spi.o
       800         14          0          0          0       7028   tm_stm32f4_stmpe811.o

    ----------------------------------------------------------------------
     26332        992       3936        216    4731792     689161   Object Totals
         0          0         32          0          0          0   (incl. Generated)
         6          0          0          3          2          0   (incl. Padding)

    ----------------------------------------------------------------------

      Code (inc. data)   RO Data    RW Data    ZI Data      Debug   Library Member Name

       616         14          0         60          0       1080   button.o
        24          0          0          0          0        132   button_create.o
        28          0          0          0          0        128   button_ispressed.o
       334          0         12          0          0        252   button_skinclassic.o
         0          0       2155          0          0          0   f13_1.o
         0          0       2046          0          0          0   f13_ascii.o
         0          0       1816          0          0          0   f6x8.o
      2336         10          0         48          0       2612   graph.o
       526         14          0          0          0        668   graph_data_yt.o
       786         14          0          8          0       1104   graph_scale.o
       124          4          0          0          0        132   gui_2dlib.o
       898         56          0         40          0       1148   gui__alpha.o
       648          0          0          0          0        256   gui__compactpixelindices.o
        26          0          0          0          0        116   gui__divideround32.o
         0          0         16          0          0          0   gui__divtbl_15_255.o
         0          0        256          0          0          0   gui__divtbl_255_15.o
         0          0        256          0          0          0   gui__divtbl_255_31.o
         0          0        256          0          0          0   gui__divtbl_255_63.o
         0          0         32          0          0          0   gui__divtbl_31_255.o
         0          0         64          0          0          0   gui__divtbl_63_255.o
       322          0          0          0          0        156   gui__expandpixelindices.o
        20          4          0          0          0        116   gui__getfontsizey.o
        24          0          0          0          0        116   gui__handleeoline.o
        58          0          0          0          0        116   gui__intersectrect.o
        82          0          0          0          0        128   gui__intersectrects.o
       216          8          0         20          0        252   gui__managecache.o
        76          0          0          0          0        124   gui__memset.o
        60          0          0          0          0        124   gui__memset16.o
        26          0          0          0          0        116   gui__reducerect.o
       108          0          0          0          0        136   gui__settext.o
        68          4          0          0          0        244   gui__strcmp.o
        22          0          0          0          0        116   gui__strlen.o
       220         16         40          0          0        380   gui_adddecshift.o
      1830        106          0          8        200       3120   gui_alloc.o
        56          0          0          0          0        132   gui_alloc_allocinit.o
        36          0          0          0          0        128   gui_alloc_alloczero.o
       300          0          0          0          0        760   gui_array.o
        60          0          0          0          0        124   gui_calccolordist.o
        96         22          0          0          0        464   gui_char.o
       458         36          0          4          0        760   gui_charline.o
       394         12          0          0          0        492   gui_charm.o
       316         10          0          0          0        624   gui_charp.o
       188          4          0          0          0        140   gui_circ.o
       460         78          8         74        112       1004   gui_core.o
       112          6          0          0         40        140   gui_curs1.o
       384         28          0          0          0        968   gui_device.o
       256          4          0          0          0        136   gui_dispstring.o
       400          4          0          0          0        396   gui_dispstringinrect.o
        44          0          0          0          0        136   gui_draw.o
       164          4          0          0          0        124   gui_drawfocusrect.o
       572         24          0          0          0        288   gui_drawgraphex.o
        76          6          0          0          0        132   gui_drawhline.o
      1176         34         68          0          0       1304   gui_drawline.o
        32          4          0          0          0        116   gui_drawpoint.o
        64          4          0          0          0        128   gui_drawvline.o
        52          4          0          0          0        248   gui_exec.o
       532         22          0          4         24        272   gui_fillpolygon.o
        72          4          0          0          0        132   gui_fillrect.o
        20          0          0          0          0        116   gui_fillrectex.o
       160          0          0          0          0        248   gui_getbitmappixelindex.o
        10          0          0          0          0        116   gui_getclientrect.o
        28          0          0          0          0        256   gui_getcolor.o
        12          4          0          0          0        116   gui_getdrawmode.o
         4          0          0          0          0        116   gui_getfontsizey.o
        12          4          0          0          0        116   gui_getlinestyle.o
        32         10          0          0          0        232   gui_getorg.o
        52         12          0          0          0        360   gui_goto.o
        88          0          0          0          0        124   gui_mergerect.o
        30          0          0          0          0        116   gui_moverect.o
        44          6          0         36          0        116   gui_multibuf.o
        94         14          0         12         88        476   gui_onkey.o
        16          4          0          0          0        116   gui_pen.o
       248         36          0          8         72        732   gui_pid.o
        78          0          0          0          0        128   gui_realloc.o
        56          0          0          0          0        116   gui_rectsintersect.o
        32         10          0          0          0        232   gui_savecontext.o
        82         12          0          8          0        488   gui_selectlayer.o
        18          0          0          0          0        128   gui_selectlcd.o
        36          4          0         32          0        124   gui_setalpha.o
         8          0          0          0          0        232   gui_setcolor.o
        64          6          0          0          0        128   gui_setdefault.o
         4          0          0          0          0        116   gui_setdrawmode.o
        20          6          0          0          0        116   gui_setfont.o
        16          4          0          0          0        116   gui_setlinestyle.o
        56         18          0          0          0        128   gui_setorg.o
       808         64         52          0          0       2736   gui_setorientation.o
      1684         22         32          0          0       1624   gui_setorientationc0.o
      1960         22         32          0          0       1612   gui_setorientationc16.o
      1950         24         32          0          0       1612   gui_setorientationc32.o
      1922         28         32          0          0       1616   gui_setorientationc8.o
        20          6          0          0          0        116   gui_settextalign.o
        20          6          0          0          0        116   gui_settextmode.o
      1222         10          0          0          0       1076   gui_sprite.o
         4          0          0          0          0        116   gui_time.o
       798         46          0         20          0       1544   gui_timer.o
        44          6          0          0         12        132   gui_touch.o
        84         10          0          0          0        264   gui_uc.o
        18          0         16          0          0        464   gui_uc_encodenone.o
        62          0          0          0          0        252   gui_val.o
       498         18          0          0          0        656   gui_valf.o
        16          4          0         12          0        116   gui_waitevent.o
       198          0         24          0          0        388   guicc_0.o
       172          0         24          0          0        376   guicc_16.o
       228         36         24          0          0        636   guicc_1616i.o
       190          0         24          0          0        356   guicc_8666.o
       194         18         24          0          0        636   guicc_88666i.o
        36          0         24          0          0        480   guicc_8888.o
         2          0          0          0          0        116   guicc_8888_index2color.o
         2          0          0          0          0        116   guicc_888_index2color.o
       306         32         24          8          0        768   guicc_m1555i.o
       304         20         24          8          0        768   guicc_m4444i.o
       270         50         24          8          0        768   guicc_m565.o
       142         16         24          8          0        636   guicc_m888.o
       218         12         24          8          0        768   guicc_m8888i.o
        20          0          0          0          0        116   guicc_m888_index2color.o
       744         36          0          0          0       1064   guidev.o
      2324         66        116          4          0       2104   guidev_16.o
      2356         62        116          0          0       2256   guidev_32.o
       308         14          0          4          0        264   guidev_banding.o
        60          6          0          0          0        124   guidev_clear.o
        22          0          0          0          0        128   guidev_getdataptr.o
        40          6          0          0          0        128   guidev_getysize.o
        44          4          0          0          0        128   guidev_reduceysize.o
        88          4          0          0          0        128   guidev_setorg.o
       358         22          0          1          0        284   guidev_staticdevices.o
        76          0          0          0          0        260   guidev_usage.o
       416          6         24          0          0        748   guidev_usagebm.o
       106          4          0          0          0        244   guidev_write.o
       400         14          0          0          0        144   guidev_writetoactivealpha.o
      1868         16          8          0          0        732   guidev_writetoactiveopaque.o
      3052        182         52          0          0       4460   guidrv_lin_16.o
      1730        118         12          4          0       2300   lcd.o
        16          6          0          4          0        116   lcd_aa.o
       264         26          0         16          0        744   lcd_color.o
        32         12          0          0          0        232   lcd_getcolorindex.o
       426         38          0          0          0       2716   lcd_getex.o
        26          0          0          0          0        128   lcd_getnumdisplays.o
         0          0        256          0          0          0   lcd_mirror.o
       504         18          0          0          0        280   lcd_readrect.o
        64         10          0          0          0        128   lcd_selectlcd.o
       304          0          0          0          0        920   lcd_set.o
        48         10          0          0          0        128   lcd_setcliprectex.o
        36          4          0          0          0        128   lcd_updatecolorindices.o
      1422          8          0         26          0       1552   scrollbar.o
        54          0          0          0          0        128   scrollbar_create.o
        24          0          0          0          0        128   scrollbar_getvalue.o
       712         10         12          0          0        396   scrollbar_skinclassic.o
       902          4          0          4          0       2032   widget.o
       284          8         28         20          0        532   widget_effect_3d.o
      4630        234          0         97         24       6808   wm.o
        44          0          0          0          0        128   wm__foreachdesc.o
        18          0          0          0          0        124   wm__getfirstsibling.o
        36          0          0          0          0        128   wm__getprevsibling.o
        34          0          0          0          0        128   wm__isancestor.o
        22          0          0          0          0        124   wm__isenabled.o
        20          0          0          0          0        116   wm__screen2client.o
        60          6          0          4          0        136   wm__sendmessage.o
        28          0          0          0          0        140   wm__sendmessageifenabled.o
        38          0          0          0          0        128   wm__sendmessagenopara.o
       220          0          0          0          0        144   wm__updatechildpositions.o
       126          0          0          0          0        140   wm_bringtobottom.o
       120          6          0          0          0        360   wm_bringtotop.o
        28          0          0          0          0        116   wm_checkscrollpos.o
        60         12          0          0          0        232   wm_criticalhandle.o
         4          0          0          0          0        116   wm_foreachdesc.o
        64         10          0          0          0        360   wm_getclientrect.o
        24         10          0          0          0        116   wm_getdesktopwindow.o
        20          4          0          0          0        116   wm_getdesktopwindowex.o
        80          0          0          0          0        248   wm_getdialogitem.o
        14          0          0          0          0        124   wm_getfirstchild.o
        22          0          0          0          0        124   wm_getflags.o
        26          0          0          0          0        128   wm_getid.o
        16          0          0          0          0        124   wm_getinsiderect.o
       164          0          0          0          0        136   wm_getinsiderectexscrollbar.o
        76         12          0          0          0        480   wm_getorg.o
        14          0          0          0          0        124   wm_getparent.o
       116          0          0          0          0        364   wm_getscrollbar.o
        42          0          0          0          0        136   wm_getscrollpartner.o
        26          0          0          0          0        124   wm_getwindowrect.o
        40          0          0          0          0        124   wm_hide.o
         4          0          0          0          0        116   wm_iswindow.o
       268          0          0          0          0        396   wm_move.o
        16          0          0          0          0        124   wm_notifyparent.o
        56          8          0          0          0        132   wm_onkey.o
        24          6          0          0         24        116   wm_pid__getprevstate.o
       236          0          0          0          0        136   wm_resizewindow.o
       184          6          0          0          0        504   wm_screen2win.o
         4          0          0          0          0        116   wm_sendmessagenopara.o
        30          0          0          0          0        140   wm_sendtoparent.o
       100         20          0          0          0        376   wm_setcapture.o
       156          8          0          0          0        136   wm_setfocus.o
        78          0          0          0          0        596   wm_setscrollbar.o
        24          0          0          0          0        124   wm_setscrollstate.o
        62          0          0          0          0        132   wm_setsize.o
        24          6          0          0          0        124   wm_setusercliprect.o
       274          4          0          0          0        648   wm_timer.o
      1100         46          0         12         72        536   wm_touch.o
        90          0          0          0          0          0   __dczerorl2.o
         8          0          0          0          0         68   __main.o
         0          0          0          0          0          0   __rtentry.o
        12          0          0          0          0          0   __rtentry2.o
         6          0          0          0          0          0   __rtentry4.o
        52          8          0          0          0          0   __scatter.o
        28          0          0          0          0          0   __scatter_zi.o
        22          0          0          0          0        100   _rserrno.o
        16          0          0          0          0         68   aeabi_memset.o
        10          0          0          0          0         68   defsig_exit.o
        50          0          0          0          0         88   defsig_general.o
        80         58          0          0          0         76   defsig_rtmem_inner.o
        14          0          0          0          0         80   defsig_rtmem_outer.o
        18          0          0          0          0         80   exit.o
        94          0          0          0          0         80   h1_alloc.o
        52          0          0          0          0         68   h1_extend.o
        78          0          0          0          0         80   h1_free.o
        14          0          0          0          0         84   h1_init.o
         6          0          0          0          0        152   heapauxi.o
         4          0          0          0          0        136   hguard.o
         0          0          0          0          0          0   indicate_semi.o
       138          0          0          0          0        168   init_alloc.o
         2          0          0          0          0          0   libinit.o
        14          0          0          0          0          0   libinit2.o
         2          0          0          0          0          0   libshutdown.o
         2          0          0          0          0          0   libshutdown2.o
         8          4          0          0         96         68   libspace.o
         0          0          0          0          0          0   maybetermalloc1.o
        88          0          0          0          0         76   memcmp.o
         8          4          0          0          0         68   rt_errno_addr_intlibspace.o
         8          4          0          0          0         68   rt_heap_descriptor_intlibspace.o
        68          0          0          0          0         68   rt_memclr.o
        78          0          0          0          0         80   rt_memclr_w.o
       138          0          0          0          0         68   rt_memcpy_v6.o
       100          0          0          0          0         80   rt_memcpy_w.o
       132          0          0          0          0         68   rt_memmove_v6.o
       122          0          0          0          0         80   rt_memmove_w.o
         2          0          0          0          0          0   rtexit.o
        10          0          0          0          0          0   rtexit2.o
        72          0          0          0          0         80   strcpy.o
        12          4          0          0          0         68   sys_exit.o
        74          0          0          0          0         80   sys_stackheap_outer.o
        14          0          0          0          0         76   sys_wrch.o
         2          0          0          0          0         68   use_no_semi.o
        24          0          0          0          0        164   basic.o
        98          4          0          0          0        140   d2f.o
       826         16          0          0          0        492   daddsub_clz.o
        24          0          0          0          0        116   dcmpi.o
       688        140          0          0          0        256   ddiv.o
        94          4          0          0          0        140   dfix.o
        84          0          0          0          0        232   dflt_clz.o
       120          4          0          0          0        140   dleqf.o
       340         12          0          0          0        152   dmul.o
       156          4          0          0          0        140   dnaninf.o
        12          0          0          0          0        116   dretinf.o
       108          0          0          0          0        128   drleqf.o
        86          4          0          0          0        132   f2d.o
       140          4          0          0          0        132   fnaninf.o
        10          0          0          0          0        116   fpinit.o
        10          0          0          0          0        116   fretinf.o
         0          0          0          0          0          0   usenofp.o
       280         28          0          0          0        156   ceil.o
       368         46         48          0          0        200   cos_i.o
        84         16          0          0          0        372   dunder.o
        24          0          0          0          0        124   fabs.o
       280         28          0          0          0        156   floor.o
        48          0          0          0          0        124   fpclassify.o
       248          0          0          0          0        152   poly.o
      1080        142        200          0          0        188   rred.o
       200         20          0          0          0        164   sin.o
       304         24         40          0          0        208   sin_i.o

    ----------------------------------------------------------------------
     66104       2850       8404        640        768      97588   Library Totals
       148          0          7         10          4          0   (incl. Padding)

    ----------------------------------------------------------------------

      Code (inc. data)   RO Data    RW Data    ZI Data      Debug   Library Name

     58472       2272       8109        630        668      90540   STemWin526_CM4_Keil.lib
      1748         82          0          0         96       2492   c_w.l
      2820        192          0          0          0       2712   fz_wm.l
      2916        304        288          0          0       1844   m_wm.l

    ----------------------------------------------------------------------
     66104       2850       8404        640        768      97588   Library Totals

    ----------------------------------------------------------------------

==============================================================================


      Code (inc. data)   RO Data    RW Data    ZI Data      Debug   

     92436       3842      12340        856    4732560     704745   Grand Totals
     92436       3842      12340        192    4732560     704745   ELF Image Totals (compressed)
     92436       3842      12340        192          0          0   ROM Totals

==============================================================================

    Total RO  Size (Code + RO Data)               104776 ( 102.32kB)
    Total RW  Size (RW Data + ZI Data)           4733416 (4622.48kB)
    Total ROM Size (Code + RO Data + RW Data)     104968 ( 102.51kB)

==============================================================================

