<html>
<body>
<pre>
<h1>µVision Build Log</h1>
<h2>Tool Versions:</h2>
IDE-Version: µVision V5.21.1.0
Copyright (C) 2016 ARM Ltd and ARM Germany GmbH. All rights reserved.
License Information: Katarzyna Pøaneta, AGH, LIC=585DY-I77SF-AQ50M-XLUMH-P51I1-CNTP0
 
Tool Versions:
Toolchain:       MDK-ARM Plus  Version: 5.21a
Toolchain Path:  C:\Keil_v5\ARM\ARMCC\Bin
C Compiler:      Armcc.exe V5.06 update 3 (build 300)
Assembler:       Armasm.exe V5.06 update 3 (build 300)
Linker/Locator:  ArmLink.exe V5.06 update 3 (build 300)
Library Manager: ArmAr.exe V5.06 update 3 (build 300)
Hex Converter:   FromElf.exe V5.06 update 3 (build 300)
CPU DLL:         SARMCM3.DLL V5.21a
Dialog DLL:      DCM.DLL V1.13.8.0
Target DLL:      STLink\ST-LINKIII-KEIL_SWO.dll V2.0.18.0
Dialog DLL:      TCM.DLL V1.14.14.0
 
<h2>Project:</h2>
C:\Users\Kasia\Desktop\Oscyloskop\10-STM32F429_STMPE811\project.uvprojx
Project File Date:  06/25/2017

<h2>Output:</h2>
*** Using Compiler 'V5.06 update 3 (build 300)', folder: 'C:\Keil_v5\ARM\ARMCC\Bin'
Build target 'STM32F429-Discovery'
assembling startup_stm32f429_439xx.s...
compiling lcd.c...
User\lcd.c(33): warning:  #68-D: integer conversion resulted in a change of sign
  	GRAPH_SetGridOffY(hGraph, -10);
User\lcd.c: 1 warning, 0 errors
linking...
Program Size: Code=93684 RO-data=12340 RW-data=864 ZI-data=4732560  
FromELF: creating hex file...
".\Targets\STM32F429_Discovery\project.axf" - 0 Error(s), 1 Warning(s).

<h2>Collection of Component include folders:</h2>
  C:\Users\Kasia\Desktop\Oscyloskop\10-STM32F429_STMPE811\RTE
  C:\Keil_v5\ARM\PACK\Keil\STM32F4xx_DFP\2.11.0\Drivers\CMSIS\Device\ST\STM32F4xx\Include

<h2>Collection of Component Files used:</h2>
Build Time Elapsed:  00:00:02
</pre>
</body>
</html>
